Archive member included because of file (symbol)

/home/pi/Desktop/stm32/voltage-monitor/cache/core/core_38316ac8c6a90beb48547312bf27788a.a(HardwareSerial.cpp.o)
                              /home/pi/Desktop/stm32/voltage-monitor/build/sketch/voltage-monitor.ino.cpp.o (HardwareSerial::read())
/home/pi/Desktop/stm32/voltage-monitor/cache/core/core_38316ac8c6a90beb48547312bf27788a.a(Print.cpp.o)
                              /home/pi/Desktop/stm32/voltage-monitor/cache/core/core_38316ac8c6a90beb48547312bf27788a.a(HardwareSerial.cpp.o) (Print::write(void const*, unsigned long))
/home/pi/Desktop/stm32/voltage-monitor/cache/core/core_38316ac8c6a90beb48547312bf27788a.a(cxxabi-compat.cpp.o)
                              /home/pi/Desktop/stm32/voltage-monitor/cache/core/core_38316ac8c6a90beb48547312bf27788a.a(HardwareSerial.cpp.o) (__cxa_pure_virtual)
/home/pi/Desktop/stm32/voltage-monitor/cache/core/core_38316ac8c6a90beb48547312bf27788a.a(adc.c.o)
                              /home/pi/Desktop/stm32/voltage-monitor/build/core/wirish/boards.cpp.o (adc_set_sample_rate)
/home/pi/Desktop/stm32/voltage-monitor/cache/core/core_38316ac8c6a90beb48547312bf27788a.a(adc_f1.c.o)
                              (__irq_adc)
/home/pi/Desktop/stm32/voltage-monitor/cache/core/core_38316ac8c6a90beb48547312bf27788a.a(dma_f1.c.o)
                              (__irq_dma1_channel1)
/home/pi/Desktop/stm32/voltage-monitor/cache/core/core_38316ac8c6a90beb48547312bf27788a.a(exc.S.o)
                              (__exc_nmi)
/home/pi/Desktop/stm32/voltage-monitor/cache/core/core_38316ac8c6a90beb48547312bf27788a.a(exti.c.o)
                              (__irq_exti0)
/home/pi/Desktop/stm32/voltage-monitor/cache/core/core_38316ac8c6a90beb48547312bf27788a.a(exti_f1.c.o)
                              /home/pi/Desktop/stm32/voltage-monitor/cache/core/core_38316ac8c6a90beb48547312bf27788a.a(exti.c.o) (exti_select)
/home/pi/Desktop/stm32/voltage-monitor/cache/core/core_38316ac8c6a90beb48547312bf27788a.a(flash.c.o)
                              /home/pi/Desktop/stm32/voltage-monitor/build/core/wirish/boards.cpp.o (flash_set_latency)
/home/pi/Desktop/stm32/voltage-monitor/cache/core/core_38316ac8c6a90beb48547312bf27788a.a(gpio_f1.c.o)
                              /home/pi/Desktop/stm32/voltage-monitor/build/core/wirish/boards_setup.cpp.o (gpio_init_all)
/home/pi/Desktop/stm32/voltage-monitor/cache/core/core_38316ac8c6a90beb48547312bf27788a.a(i2c_f1.c.o)
                              (__irq_i2c1_ev)
/home/pi/Desktop/stm32/voltage-monitor/cache/core/core_38316ac8c6a90beb48547312bf27788a.a(nvic.c.o)
                              /home/pi/Desktop/stm32/voltage-monitor/cache/core/core_38316ac8c6a90beb48547312bf27788a.a(i2c_f1.c.o) (nvic_irq_set_priority)
/home/pi/Desktop/stm32/voltage-monitor/cache/core/core_38316ac8c6a90beb48547312bf27788a.a(rcc.c.o)
                              /home/pi/Desktop/stm32/voltage-monitor/build/core/wirish/boards.cpp.o (rcc_switch_sysclk)
/home/pi/Desktop/stm32/voltage-monitor/cache/core/core_38316ac8c6a90beb48547312bf27788a.a(rcc_f1.c.o)
                              /home/pi/Desktop/stm32/voltage-monitor/build/core/wirish/boards.cpp.o (rcc_configure_pll)
/home/pi/Desktop/stm32/voltage-monitor/cache/core/core_38316ac8c6a90beb48547312bf27788a.a(isrs.S.o)
                              (__stm32reservedexception7)
/home/pi/Desktop/stm32/voltage-monitor/cache/core/core_38316ac8c6a90beb48547312bf27788a.a(vector_table.S.o)
                              (__stm32_vector_table)
/home/pi/Desktop/stm32/voltage-monitor/cache/core/core_38316ac8c6a90beb48547312bf27788a.a(systick.c.o)
                              /home/pi/Desktop/stm32/voltage-monitor/build/core/wirish/boards.cpp.o (systick_init)
/home/pi/Desktop/stm32/voltage-monitor/cache/core/core_38316ac8c6a90beb48547312bf27788a.a(timer.c.o)
                              /home/pi/Desktop/stm32/voltage-monitor/build/core/wirish/boards.cpp.o (timer_foreach)
/home/pi/Desktop/stm32/voltage-monitor/cache/core/core_38316ac8c6a90beb48547312bf27788a.a(usart.c.o)
                              /home/pi/Desktop/stm32/voltage-monitor/cache/core/core_38316ac8c6a90beb48547312bf27788a.a(HardwareSerial.cpp.o) (usart_init)
/home/pi/Desktop/stm32/voltage-monitor/cache/core/core_38316ac8c6a90beb48547312bf27788a.a(usart_f1.c.o)
                              /home/pi/Desktop/stm32/voltage-monitor/cache/core/core_38316ac8c6a90beb48547312bf27788a.a(HardwareSerial.cpp.o) (usart_config_gpios_async)
/home/pi/Desktop/stm32/voltage-monitor/cache/core/core_38316ac8c6a90beb48547312bf27788a.a(usart_private.c.o)
                              /home/pi/Desktop/stm32/voltage-monitor/cache/core/core_38316ac8c6a90beb48547312bf27788a.a(usart_f1.c.o) (_usart_clock_freq)
/home/pi/Desktop/stm32/voltage-monitor/cache/core/core_38316ac8c6a90beb48547312bf27788a.a(usb.c.o)
                              (__irq_usb_lp_can_rx0)
[...]
Memory Configuration

Name             Origin             Length             Attributes
ram              0x20000000         0x00005000         xrw
rom              0x08000000         0x00010000         xr
*default*        0x00000000         0xffffffff

Linker script and memory map

LOAD /home/pi/.arduino15/packages/arduino/tools/arm-none-eabi-gcc/4.8.3-2014q1/bin/../lib/gcc/arm-none-eabi/4.8.3/armv7-m/crti.o
LOAD /home/pi/.arduino15/packages/arduino/tools/arm-none-eabi-gcc/4.8.3-2014q1/bin/../lib/gcc/arm-none-eabi/4.8.3/armv7-m/crtbegin.o
LOAD /home/pi/.arduino15/packages/arduino/tools/arm-none-eabi-gcc/4.8.3-2014q1/bin/../lib/gcc/arm-none-eabi/4.8.3/../../../../arm-none-eabi/lib/armv7-m/crt0.o
LOAD /home/pi/.arduino15/packages/arduino/tools/arm-none-eabi-gcc/4.8.3-2014q1/bin/../lib/gcc/arm-none-eabi/4.8.3/armv7-m/libgcc.a
START GROUP
LOAD /home/pi/Desktop/stm32/voltage-monitor/build/sketch/voltage-monitor.ino.cpp.o
LOAD /home/pi/Desktop/stm32/voltage-monitor/build/core/board.cpp.o
LOAD /home/pi/Desktop/stm32/voltage-monitor/build/core/wirish/boards.cpp.o
LOAD /home/pi/Desktop/stm32/voltage-monitor/build/core/wirish/boards_setup.cpp.o
LOAD /home/pi/Desktop/stm32/voltage-monitor/build/core/wirish/start.S.o
LOAD /home/pi/Desktop/stm32/voltage-monitor/build/core/wirish/start_c.c.o
LOAD /home/pi/Desktop/stm32/voltage-monitor/build/core/wirish/syscalls.c.o
LOAD /home/pi/Desktop/stm32/voltage-monitor/cache/core/core_38316ac8c6a90beb48547312bf27788a.a
END GROUP
LOAD /home/pi/.arduino15/packages/arduino/tools/arm-none-eabi-gcc/4.8.3-2014q1/bin/../lib/gcc/arm-none-eabi/4.8.3/../../../../arm-none-eabi/lib/armv7-m/libstdc++.a
LOAD /home/pi/.arduino15/packages/arduino/tools/arm-none-eabi-gcc/4.8.3-2014q1/bin/../lib/gcc/arm-none-eabi/4.8.3/../../../../arm-none-eabi/lib/armv7-m/libm.a
START GROUP
LOAD /home/pi/.arduino15/packages/arduino/tools/arm-none-eabi-gcc/4.8.3-2014q1/bin/../lib/gcc/arm-none-eabi/4.8.3/armv7-m/libgcc.a
LOAD /home/pi/.arduino15/packages/arduino/tools/arm-none-eabi-gcc/4.8.3-2014q1/bin/../lib/gcc/arm-none-eabi/4.8.3/../../../../arm-none-eabi/lib/armv7-m/libc.a
END GROUP
LOAD /home/pi/.arduino15/packages/arduino/tools/arm-none-eabi-gcc/4.8.3-2014q1/bin/../lib/gcc/arm-none-eabi/4.8.3/armv7-m/crtend.o
LOAD /home/pi/.arduino15/packages/arduino/tools/arm-none-eabi-gcc/4.8.3-2014q1/bin/../lib/gcc/arm-none-eabi/4.8.3/armv7-m/crtn.o
START GROUP
LOAD /home/pi/.arduino15/packages/arduino/tools/arm-none-eabi-gcc/4.8.3-2014q1/bin/../lib/gcc/arm-none-eabi/4.8.3/armv7-m/libgcc.a
LOAD /home/pi/.arduino15/packages/arduino/tools/arm-none-eabi-gcc/4.8.3-2014q1/bin/../lib/gcc/arm-none-eabi/4.8.3/../../../../arm-none-eabi/lib/armv7-m/libc.a
LOAD /home/pi/.arduino15/packages/arduino/tools/arm-none-eabi-gcc/4.8.3-2014q1/bin/../lib/gcc/arm-none-eabi/4.8.3/../../../../arm-none-eabi/lib/armv7-m/libm.a
END GROUP
START GROUP
LOAD /home/pi/.arduino15/packages/arduino/tools/arm-none-eabi-gcc/4.8.3-2014q1/bin/../lib/gcc/arm-none-eabi/4.8.3/../../../../arm-none-eabi/lib/armv7-m/libnosys.a
END GROUP
                0x20005000                PROVIDE (__msp_init, (ORIGIN (ram) + 0x5000))
                0x08000390                PROVIDE (__exc_reset, __start__)

.text           0x08000000     0x2730
                0x08000000                __text_start__ = .
 *(.stm32.interrupt_vector)
 .stm32.interrupt_vector
                0x08000000       0xec /home/pi/Desktop/stm32/voltage-monitor/cache/core/core_38316ac8c6a90beb48547312bf27788a.a(vector_table.S.o)
                0x08000000                __stm32_vector_table
 *(.text .text.* .gnu.linkonce.t.*)
 .text          0x080000ec       0x54 /home/pi/.arduino15/packages/arduino/tools/arm-none-eabi-gcc/4.8.3-2014q1/bin/../lib/gcc/arm-none-eabi/4.8.3/armv7-m/crtbegin.o
 .text._ZN14HardwareSerial5writeEi
                0x08000140        0xc /home/pi/Desktop/stm32/voltage-monitor/build/sketch/voltage-monitor.ino.cpp.o
                0x08000140                HardwareSerial::write(int)
 .text._Z5setupv
                0x0800014c       0x1c /home/pi/Desktop/stm32/voltage-monitor/build/sketch/voltage-monitor.ino.cpp.o
                0x0800014c                setup()
 .text._Z4loopv
                0x08000168       0x28 /home/pi/Desktop/stm32/voltage-monitor/build/sketch/voltage-monitor.ino.cpp.o
                0x08000168                loop()
 .text._Z9boardInitv
                0x08000190        0x2 /home/pi/Desktop/stm32/voltage-monitor/build/core/board.cpp.o
                0x08000190                boardInit()
 *fill*         0x08000192        0x2 
 .text.startup._GLOBAL__sub_I__Z9boardInitv
                0x08000194       0x48 /home/pi/Desktop/stm32/voltage-monitor/build/core/board.cpp.o
 .text._ZL18adc_default_configP7adc_dev
                0x080001dc       0x1c /home/pi/Desktop/stm32/voltage-monitor/build/core/wirish/boards.cpp.o
 .text._ZL20timer_default_configP9timer_dev
                0x080001f8       0x9e /home/pi/Desktop/stm32/voltage-monitor/build/core/wirish/boards.cpp.o
 *fill*         0x08000296        0x2 
 .text._Z4initv
                0x08000298       0xbc /home/pi/Desktop/stm32/voltage-monitor/build/core/wirish/boards.cpp.o
                0x08000298                init()
 .text._ZN6wirish4priv15board_reset_pllEv
                0x08000354        0x2 /home/pi/Desktop/stm32/voltage-monitor/build/core/wirish/boards_setup.cpp.o
                0x08000354                wirish::priv::board_reset_pll()
 .text._ZN6wirish4priv28board_setup_clock_prescalersEv
                0x08000356       0x2e /home/pi/Desktop/stm32/voltage-monitor/build/core/wirish/boards_setup.cpp.o
                0x08000356                wirish::priv::board_setup_clock_prescalers()
 .text._ZN6wirish4priv16board_setup_gpioEv
                0x08000384        0x4 /home/pi/Desktop/stm32/voltage-monitor/build/core/wirish/boards_setup.cpp.o
                0x08000384                wirish::priv::board_setup_gpio()
 .text._ZN6wirish4priv15board_setup_usbEv
                0x08000388        0x2 /home/pi/Desktop/stm32/voltage-monitor/build/core/wirish/boards_setup.cpp.o
                0x08000388                wirish::priv::board_setup_usb()
 .text._ZN6wirish4priv11series_initEv
                0x0800038a        0x4 /home/pi/Desktop/stm32/voltage-monitor/build/core/wirish/boards_setup.cpp.o
                0x0800038a                wirish::priv::series_init()
 *fill*         0x0800038e        0x2 
 .text          0x08000390       0x10 /home/pi/Desktop/stm32/voltage-monitor/build/core/wirish/start.S.o
                0x08000390                __start__
 .text.start_c  0x080003a0       0x64 /home/pi/Desktop/stm32/voltage-monitor/build/core/wirish/start_c.c.o
                0x080003a0                start_c
 .text._exit    0x08000404        0x2 /home/pi/Desktop/stm32/voltage-monitor/build/core/wirish/syscalls.c.o
                0x08000404                _exit
 .text.rb_full_count
                0x08000406       0x22 /home/pi/Desktop/stm32/voltage-monitor/cache/core/core_38316ac8c6a90beb48547312bf27788a.a(HardwareSerial.cpp.o)
 .text._ZN14HardwareSerial4readEv
                0x08000428       0x3a /home/pi/Desktop/stm32/voltage-monitor/cache/core/core_38316ac8c6a90beb48547312bf27788a.a(HardwareSerial.cpp.o)
                0x08000428                HardwareSerial::read()
 .text._ZN14HardwareSerial9availableEv
                0x08000462        0xc /home/pi/Desktop/stm32/voltage-monitor/cache/core/core_38316ac8c6a90beb48547312bf27788a.a(HardwareSerial.cpp.o)
                0x08000462                HardwareSerial::available()
 .text._ZN14HardwareSerial4peekEv
                0x0800046e       0x22 /home/pi/Desktop/stm32/voltage-monitor/cache/core/core_38316ac8c6a90beb48547312bf27788a.a(HardwareSerial.cpp.o)
                0x0800046e                HardwareSerial::peek()
 .text._ZN14HardwareSerial5flushEv
                0x08000490       0x1a /home/pi/Desktop/stm32/voltage-monitor/cache/core/core_38316ac8c6a90beb48547312bf27788a.a(HardwareSerial.cpp.o)
                0x08000490                HardwareSerial::flush()
 .text._ZN14HardwareSerial5writeEh
                0x080004aa       0x1e /home/pi/Desktop/stm32/voltage-monitor/cache/core/core_38316ac8c6a90beb48547312bf27788a.a(HardwareSerial.cpp.o)
                0x080004aa                HardwareSerial::write(unsigned char)
 .text._ZN14HardwareSerialC2EP9usart_devhh
                0x080004c8       0x1c /home/pi/Desktop/stm32/voltage-monitor/cache/core/core_38316ac8c6a90beb48547312bf27788a.a(HardwareSerial.cpp.o)
                0x080004c8                HardwareSerial::HardwareSerial(usart_dev*, unsigned char, unsigned char)
                0x080004c8                HardwareSerial::HardwareSerial(usart_dev*, unsigned char, unsigned char)
 .text._ZN14HardwareSerial5beginEmh
                0x080004e4       0x78 /home/pi/Desktop/stm32/voltage-monitor/cache/core/core_38316ac8c6a90beb48547312bf27788a.a(HardwareSerial.cpp.o)
                0x080004e4                HardwareSerial::begin(unsigned long, unsigned char)
 .text._ZN14HardwareSerial5beginEm
                0x0800055c        0x6 /home/pi/Desktop/stm32/voltage-monitor/cache/core/core_38316ac8c6a90beb48547312bf27788a.a(HardwareSerial.cpp.o)
                0x0800055c                HardwareSerial::begin(unsigned long)
 .text._ZN5Print5writeEPKvm
                0x08000562       0x20 /home/pi/Desktop/stm32/voltage-monitor/cache/core/core_38316ac8c6a90beb48547312bf27788a.a(Print.cpp.o)
                0x08000562                Print::write(void const*, unsigned long)
 .text._ZN5Print5writeEPKc
                0x08000582       0x1e /home/pi/Desktop/stm32/voltage-monitor/cache/core/core_38316ac8c6a90beb48547312bf27788a.a(Print.cpp.o)
                0x08000582                Print::write(char const*)
 .text.adc_init
                0x080005a0       0x14 /home/pi/Desktop/stm32/voltage-monitor/cache/core/core_38316ac8c6a90beb48547312bf27788a.a(adc.c.o)
                0x080005a0                adc_init
 .text.adc_set_extsel
                0x080005b4       0x12 /home/pi/Desktop/stm32/voltage-monitor/cache/core/core_38316ac8c6a90beb48547312bf27788a.a(adc.c.o)
                0x080005b4                adc_set_extsel
 .text.adc_set_sample_rate
                0x080005c6       0x30 /home/pi/Desktop/stm32/voltage-monitor/cache/core/core_38316ac8c6a90beb48547312bf27788a.a(adc.c.o)
                0x080005c6                adc_set_sample_rate
 *fill*         0x080005f6        0x2 
 .text.__irq_adc
                0x080005f8       0x50 /home/pi/Desktop/stm32/voltage-monitor/cache/core/core_38316ac8c6a90beb48547312bf27788a.a(adc_f1.c.o)
                0x080005f8                __irq_adc
 .text.adc_calibrate
                0x08000648       0x24 /home/pi/Desktop/stm32/voltage-monitor/cache/core/core_38316ac8c6a90beb48547312bf27788a.a(adc_f1.c.o)
                0x08000648                adc_calibrate
 .text.adc_set_prescaler
                0x0800066c        0x8 /home/pi/Desktop/stm32/voltage-monitor/cache/core/core_38316ac8c6a90beb48547312bf27788a.a(adc_f1.c.o)
                0x0800066c                adc_set_prescaler
 .text.adc_foreach
                0x08000674       0x1c /home/pi/Desktop/stm32/voltage-monitor/cache/core/core_38316ac8c6a90beb48547312bf27788a.a(adc_f1.c.o)
                0x08000674                adc_foreach
 .text.adc_enable_single_swstart
                0x08000690       0x36 /home/pi/Desktop/stm32/voltage-monitor/cache/core/core_38316ac8c6a90beb48547312bf27788a.a(adc_f1.c.o)
                0x08000690                adc_enable_single_swstart
 *fill*         0x080006c6        0x2 
 .text.__irq_dma1_channel1
                0x080006c8       0x18 /home/pi/Desktop/stm32/voltage-monitor/cache/core/core_38316ac8c6a90beb48547312bf27788a.a(dma_f1.c.o)
                0x080006c8                __irq_dma1_channel1
 .text.__irq_dma1_channel2
                0x080006e0       0x18 /home/pi/Desktop/stm32/voltage-monitor/cache/core/core_38316ac8c6a90beb48547312bf27788a.a(dma_f1.c.o)
                0x080006e0                __irq_dma1_channel2
 .text.__irq_dma1_channel3
                0x080006f8       0x1c /home/pi/Desktop/stm32/voltage-monitor/cache/core/core_38316ac8c6a90beb48547312bf27788a.a(dma_f1.c.o)
                0x080006f8                __irq_dma1_channel3
 .text.__irq_dma1_channel4
                0x08000714       0x1c /home/pi/Desktop/stm32/voltage-monitor/cache/core/core_38316ac8c6a90beb48547312bf27788a.a(dma_f1.c.o)
                0x08000714                __irq_dma1_channel4
 .text.__irq_dma1_channel5
                0x08000730       0x1c /home/pi/Desktop/stm32/voltage-monitor/cache/core/core_38316ac8c6a90beb48547312bf27788a.a(dma_f1.c.o)
                0x08000730                __irq_dma1_channel5
 .text.__irq_dma1_channel6
                0x0800074c       0x1c /home/pi/Desktop/stm32/voltage-monitor/cache/core/core_38316ac8c6a90beb48547312bf27788a.a(dma_f1.c.o)
                0x0800074c                __irq_dma1_channel6
 .text.__irq_dma1_channel7
                0x08000768       0x1c /home/pi/Desktop/stm32/voltage-monitor/cache/core/core_38316ac8c6a90beb48547312bf27788a.a(dma_f1.c.o)
                0x08000768                __irq_dma1_channel7
 *fill*         0x08000784        0xc 
 .text          0x08000790       0x60 /home/pi/Desktop/stm32/voltage-monitor/cache/core/core_38316ac8c6a90beb48547312bf27788a.a(exc.S.o)
                0x08000790                __exc_nmi
                0x08000794                __exc_hardfault
                0x08000798                __exc_memmanage
                0x0800079c                __exc_busfault
                0x080007a0                __exc_usagefault
 .text.__irq_exti0
                0x080007f0       0x20 /home/pi/Desktop/stm32/voltage-monitor/cache/core/core_38316ac8c6a90beb48547312bf27788a.a(exti.c.o)
                0x080007f0                __irq_exti0
 .text.__irq_exti1
                0x08000810       0x20 /home/pi/Desktop/stm32/voltage-monitor/cache/core/core_38316ac8c6a90beb48547312bf27788a.a(exti.c.o)
                0x08000810                __irq_exti1
 .text.__irq_exti2
                0x08000830       0x20 /home/pi/Desktop/stm32/voltage-monitor/cache/core/core_38316ac8c6a90beb48547312bf27788a.a(exti.c.o)
                0x08000830                __irq_exti2
 .text.__irq_exti3
                0x08000850       0x20 /home/pi/Desktop/stm32/voltage-monitor/cache/core/core_38316ac8c6a90beb48547312bf27788a.a(exti.c.o)
                0x08000850                __irq_exti3
 .text.__irq_exti4
                0x08000870       0x20 /home/pi/Desktop/stm32/voltage-monitor/cache/core/core_38316ac8c6a90beb48547312bf27788a.a(exti.c.o)
                0x08000870                __irq_exti4
 .text.__irq_exti9_5
                0x08000890       0x44 /home/pi/Desktop/stm32/voltage-monitor/cache/core/core_38316ac8c6a90beb48547312bf27788a.a(exti.c.o)
                0x08000890                __irq_exti9_5
 .text.__irq_exti15_10
                0x080008d4       0x44 /home/pi/Desktop/stm32/voltage-monitor/cache/core/core_38316ac8c6a90beb48547312bf27788a.a(exti.c.o)
                0x080008d4                __irq_exti15_10
 .text.flash_set_latency
                0x08000918       0x14 /home/pi/Desktop/stm32/voltage-monitor/cache/core/core_38316ac8c6a90beb48547312bf27788a.a(flash.c.o)
                0x08000918                flash_set_latency
 .text.gpio_init_all
                0x0800092c       0x30 /home/pi/Desktop/stm32/voltage-monitor/cache/core/core_38316ac8c6a90beb48547312bf27788a.a(gpio_f1.c.o)
                0x0800092c                gpio_init_all
 .text.gpio_set_mode
                0x0800095c       0x50 /home/pi/Desktop/stm32/voltage-monitor/cache/core/core_38316ac8c6a90beb48547312bf27788a.a(gpio_f1.c.o)
                0x0800095c                gpio_set_mode
 .text.afio_init
                0x080009ac       0x12 /home/pi/Desktop/stm32/voltage-monitor/cache/core/core_38316ac8c6a90beb48547312bf27788a.a(gpio_f1.c.o)
                0x080009ac                afio_init
 *fill*         0x080009be        0x2 
 .text.__irq_i2c1_ev
                0x080009c0        0xc /home/pi/Desktop/stm32/voltage-monitor/cache/core/core_38316ac8c6a90beb48547312bf27788a.a(i2c_f1.c.o)
                0x080009c0                __irq_i2c1_ev
 .text.__irq_i2c2_ev
                0x080009cc        0xc /home/pi/Desktop/stm32/voltage-monitor/cache/core/core_38316ac8c6a90beb48547312bf27788a.a(i2c_f1.c.o)
                0x080009cc                __irq_i2c2_ev
 .text.__irq_i2c1_er
                0x080009d8        0xc /home/pi/Desktop/stm32/voltage-monitor/cache/core/core_38316ac8c6a90beb48547312bf27788a.a(i2c_f1.c.o)
                0x080009d8                __irq_i2c1_er
 .text.__irq_i2c2_er
                0x080009e4        0xc /home/pi/Desktop/stm32/voltage-monitor/cache/core/core_38316ac8c6a90beb48547312bf27788a.a(i2c_f1.c.o)
                0x080009e4                __irq_i2c2_er
 .text._i2c_irq_priority_fixup
                0x080009f0       0x1c /home/pi/Desktop/stm32/voltage-monitor/cache/core/core_38316ac8c6a90beb48547312bf27788a.a(i2c_f1.c.o)
                0x080009f0                _i2c_irq_priority_fixup
 .text.nvic_irq_set_priority
                0x08000a0c       0x28 /home/pi/Desktop/stm32/voltage-monitor/cache/core/core_38316ac8c6a90beb48547312bf27788a.a(nvic.c.o)
                0x08000a0c                nvic_irq_set_priority
 .text.nvic_init
                0x08000a34       0x30 /home/pi/Desktop/stm32/voltage-monitor/cache/core/core_38316ac8c6a90beb48547312bf27788a.a(nvic.c.o)
                0x08000a34                nvic_init
 .text.rcc_dev_clk
                0x08000a64        0xc /home/pi/Desktop/stm32/voltage-monitor/cache/core/core_38316ac8c6a90beb48547312bf27788a.a(rcc.c.o)
                0x08000a64                rcc_dev_clk
 .text.rcc_switch_sysclk
                0x08000a70       0x20 /home/pi/Desktop/stm32/voltage-monitor/cache/core/core_38316ac8c6a90beb48547312bf27788a.a(rcc.c.o)
                0x08000a70                rcc_switch_sysclk
 .text.rcc_turn_on_clk
                0x08000a90       0x1a /home/pi/Desktop/stm32/voltage-monitor/cache/core/core_38316ac8c6a90beb48547312bf27788a.a(rcc.c.o)
                0x08000a90                rcc_turn_on_clk
 .text.rcc_turn_off_clk
                0x08000aaa       0x1c /home/pi/Desktop/stm32/voltage-monitor/cache/core/core_38316ac8c6a90beb48547312bf27788a.a(rcc.c.o)
                0x08000aaa                rcc_turn_off_clk
 .text.rcc_is_clk_ready
                0x08000ac6       0x18 /home/pi/Desktop/stm32/voltage-monitor/cache/core/core_38316ac8c6a90beb48547312bf27788a.a(rcc.c.o)
                0x08000ac6                rcc_is_clk_ready
 *fill*         0x08000ade        0x2 
 .text.rcc_configure_pll
                0x08000ae0       0x18 /home/pi/Desktop/stm32/voltage-monitor/cache/core/core_38316ac8c6a90beb48547312bf27788a.a(rcc_f1.c.o)
                0x08000ae0                rcc_configure_pll
 .text.rcc_clk_enable
                0x08000af8       0x30 /home/pi/Desktop/stm32/voltage-monitor/cache/core/core_38316ac8c6a90beb48547312bf27788a.a(rcc_f1.c.o)
                0x08000af8                rcc_clk_enable
 .text.rcc_reset_dev
                0x08000b28       0x34 /home/pi/Desktop/stm32/voltage-monitor/cache/core/core_38316ac8c6a90beb48547312bf27788a.a(rcc_f1.c.o)
                0x08000b28                rcc_reset_dev
 .text.rcc_set_prescaler
                0x08000b5c       0x20 /home/pi/Desktop/stm32/voltage-monitor/cache/core/core_38316ac8c6a90beb48547312bf27788a.a(rcc_f1.c.o)
                0x08000b5c                rcc_set_prescaler
 .text.rcc_clk_disable
                0x08000b7c       0x30 /home/pi/Desktop/stm32/voltage-monitor/cache/core/core_38316ac8c6a90beb48547312bf27788a.a(rcc_f1.c.o)
                0x08000b7c                rcc_clk_disable
 .text          0x08000bac        0x2 /home/pi/Desktop/stm32/voltage-monitor/cache/core/core_38316ac8c6a90beb48547312bf27788a.a(isrs.S.o)
                0x08000bac                __stm32reservedexception9
                0x08000bac                __exc_debug_monitor
                0x08000bac                __exc_svc
                0x08000bac                __irq_can_rx1
                0x08000bac                __irq_spi2
                0x08000bac                __irq_can_sce
                0x08000bac                __irq_pvd
                0x08000bac                __irq_tamper
                0x08000bac                __default_handler
                0x08000bac                __irq_wwdg
                0x08000bac                __stm32reservedexception10
                0x08000bac                __irq_flash
                0x08000bac                __stm32reservedexception13
                0x08000bac                __irq_rtc
                0x08000bac                __irq_spi1
                0x08000bac                __stm32reservedexception7
                0x08000bac                __irq_usb_hp_can_tx
                0x08000bac                __irq_rtcalarm
                0x08000bac                __stm32reservedexception8
                0x08000bac                __exc_pendsv
                0x08000bac                __irq_usbwakeup
                0x08000bac                __irq_rcc
 *fill*         0x08000bae        0x2 
 .text.systick_init
                0x08000bb0       0x10 /home/pi/Desktop/stm32/voltage-monitor/cache/core/core_38316ac8c6a90beb48547312bf27788a.a(systick.c.o)
                0x08000bb0                systick_init
 .text.__exc_systick
                0x08000bc0       0x1c /home/pi/Desktop/stm32/voltage-monitor/cache/core/core_38316ac8c6a90beb48547312bf27788a.a(systick.c.o)
                0x08000bc0                __exc_systick
 .text.timer_oc_set_mode
                0x08000bdc       0x3a /home/pi/Desktop/stm32/voltage-monitor/cache/core/core_38316ac8c6a90beb48547312bf27788a.a(timer.c.o)
 .text.timer_cc_enable
                0x08000c16       0x1c /home/pi/Desktop/stm32/voltage-monitor/cache/core/core_38316ac8c6a90beb48547312bf27788a.a(timer.c.o)
 *fill*         0x08000c32        0x2 
 .text.timer_foreach
                0x08000c34       0x28 /home/pi/Desktop/stm32/voltage-monitor/cache/core/core_38316ac8c6a90beb48547312bf27788a.a(timer.c.o)
                0x08000c34                timer_foreach
 .text.timer_init
                0x08000c5c       0x14 /home/pi/Desktop/stm32/voltage-monitor/cache/core/core_38316ac8c6a90beb48547312bf27788a.a(timer.c.o)
                0x08000c5c                timer_init
 .text.timer_has_cc_channel
                0x08000c70       0x30 /home/pi/Desktop/stm32/voltage-monitor/cache/core/core_38316ac8c6a90beb48547312bf27788a.a(timer.c.o)
                0x08000c70                timer_has_cc_channel
 .text.timer_detach_interrupt
                0x08000ca0       0x1e /home/pi/Desktop/stm32/voltage-monitor/cache/core/core_38316ac8c6a90beb48547312bf27788a.a(timer.c.o)
                0x08000ca0                timer_detach_interrupt
 .text.input_capture_mode
                0x08000cbe       0x1a /home/pi/Desktop/stm32/voltage-monitor/cache/core/core_38316ac8c6a90beb48547312bf27788a.a(timer.c.o)
                0x08000cbe                input_capture_mode
 .text.timer_set_mode
                0x08000cd8       0x8c /home/pi/Desktop/stm32/voltage-monitor/cache/core/core_38316ac8c6a90beb48547312bf27788a.a(timer.c.o)
                0x08000cd8                timer_set_mode
 .text.__irq_tim1_brk
                0x08000d64       0x24 /home/pi/Desktop/stm32/voltage-monitor/cache/core/core_38316ac8c6a90beb48547312bf27788a.a(timer.c.o)
                0x08000d64                __irq_tim1_brk
 .text.__irq_tim1_up
                0x08000d88       0x24 /home/pi/Desktop/stm32/voltage-monitor/cache/core/core_38316ac8c6a90beb48547312bf27788a.a(timer.c.o)
                0x08000d88                __irq_tim1_up
 .text.__irq_tim1_trg_com
                0x08000dac       0x38 /home/pi/Desktop/stm32/voltage-monitor/cache/core/core_38316ac8c6a90beb48547312bf27788a.a(timer.c.o)
                0x08000dac                __irq_tim1_trg_com
 .text.__irq_tim1_cc
                0x08000de4       0x54 /home/pi/Desktop/stm32/voltage-monitor/cache/core/core_38316ac8c6a90beb48547312bf27788a.a(timer.c.o)
                0x08000de4                __irq_tim1_cc
 .text.__irq_tim2
                0x08000e38       0x70 /home/pi/Desktop/stm32/voltage-monitor/cache/core/core_38316ac8c6a90beb48547312bf27788a.a(timer.c.o)
                0x08000e38                __irq_tim2
 .text.__irq_tim3
                0x08000ea8       0x70 /home/pi/Desktop/stm32/voltage-monitor/cache/core/core_38316ac8c6a90beb48547312bf27788a.a(timer.c.o)
                0x08000ea8                __irq_tim3
 .text.__irq_tim4
                0x08000f18       0x70 /home/pi/Desktop/stm32/voltage-monitor/cache/core/core_38316ac8c6a90beb48547312bf27788a.a(timer.c.o)
                0x08000f18                __irq_tim4
 .text.usart_init
                0x08000f88       0x4c /home/pi/Desktop/stm32/voltage-monitor/cache/core/core_38316ac8c6a90beb48547312bf27788a.a(usart.c.o)
                0x08000f88                usart_init
 .text.usart_enable
                0x08000fd4       0x14 /home/pi/Desktop/stm32/voltage-monitor/cache/core/core_38316ac8c6a90beb48547312bf27788a.a(usart.c.o)
                0x08000fd4                usart_enable
 .text.usart_tx
                0x08000fe8       0x9c /home/pi/Desktop/stm32/voltage-monitor/cache/core/core_38316ac8c6a90beb48547312bf27788a.a(usart.c.o)
                0x08000fe8                usart_tx
 .text.rb_remove
                0x08001084       0x24 /home/pi/Desktop/stm32/voltage-monitor/cache/core/core_38316ac8c6a90beb48547312bf27788a.a(usart_f1.c.o)
 .text.rb_push_insert
                0x080010a8       0x52 /home/pi/Desktop/stm32/voltage-monitor/cache/core/core_38316ac8c6a90beb48547312bf27788a.a(usart_f1.c.o)
 .text.usart_config_gpios_async
                0x080010fa       0x4a /home/pi/Desktop/stm32/voltage-monitor/cache/core/core_38316ac8c6a90beb48547312bf27788a.a(usart_f1.c.o)
                0x080010fa                usart_config_gpios_async
 .text.usart_set_baud_rate
                0x08001144       0x3c /home/pi/Desktop/stm32/voltage-monitor/cache/core/core_38316ac8c6a90beb48547312bf27788a.a(usart_f1.c.o)
                0x08001144                usart_set_baud_rate
 .text.__irq_usart1
                0x08001180       0x54 /home/pi/Desktop/stm32/voltage-monitor/cache/core/core_38316ac8c6a90beb48547312bf27788a.a(usart_f1.c.o)
                0x08001180                __irq_usart1
 .text.__irq_usart2
                0x080011d4       0x54 /home/pi/Desktop/stm32/voltage-monitor/cache/core/core_38316ac8c6a90beb48547312bf27788a.a(usart_f1.c.o)
                0x080011d4                __irq_usart2
 .text.__irq_usart3
                0x08001228       0x54 /home/pi/Desktop/stm32/voltage-monitor/cache/core/core_38316ac8c6a90beb48547312bf27788a.a(usart_f1.c.o)
                0x08001228                __irq_usart3
 .text._usart_clock_freq
                0x0800127c       0x24 /home/pi/Desktop/stm32/voltage-monitor/cache/core/core_38316ac8c6a90beb48547312bf27788a.a(usart_private.c.o)
                0x0800127c                _usart_clock_freq
 .text.usb_resume
                0x080012a0       0xb4 /home/pi/Desktop/stm32/voltage-monitor/cache/core/core_38316ac8c6a90beb48547312bf27788a.a(usb.c.o)
 .text.__irq_usb_lp_can_rx0
                0x08001354      0x1c8 /home/pi/Desktop/stm32/voltage-monitor/cache/core/core_38316ac8c6a90beb48547312bf27788a.a(usb.c.o)
                0x08001354                __irq_usb_lp_can_rx0
 .text.usb_set_ep_rx_stat
                0x0800151c       0x22 /home/pi/Desktop/stm32/voltage-monitor/cache/core/core_38316ac8c6a90beb48547312bf27788a.a(usb_cdcacm.c.o)
 *fill*         0x0800153e        0x2 
 .text.vcomGetSetLineCoding
                0x08001540       0x18 /home/pi/Desktop/stm32/voltage-monitor/cache/core/core_38316ac8c6a90beb48547312bf27788a.a(usb_cdcacm.c.o)
 .text.usbDataSetup
                0x08001558       0x54 /home/pi/Desktop/stm32/voltage-monitor/cache/core/core_38316ac8c6a90beb48547312bf27788a.a(usb_cdcacm.c.o)
 .text.usbNoDataSetup
                0x080015ac       0x50 /home/pi/Desktop/stm32/voltage-monitor/cache/core/core_38316ac8c6a90beb48547312bf27788a.a(usb_cdcacm.c.o)
 .text.usbGetInterfaceSetting
                0x080015fc       0x10 /home/pi/Desktop/stm32/voltage-monitor/cache/core/core_38316ac8c6a90beb48547312bf27788a.a(usb_cdcacm.c.o)
 .text.usbGetStringDescriptor
                0x0800160c       0x20 /home/pi/Desktop/stm32/voltage-monitor/cache/core/core_38316ac8c6a90beb48547312bf27788a.a(usb_cdcacm.c.o)
 .text.usbGetConfigDescriptor
                0x0800162c        0xc /home/pi/Desktop/stm32/voltage-monitor/cache/core/core_38316ac8c6a90beb48547312bf27788a.a(usb_cdcacm.c.o)
 .text.usbGetDeviceDescriptor
                0x08001638        0xc /home/pi/Desktop/stm32/voltage-monitor/cache/core/core_38316ac8c6a90beb48547312bf27788a.a(usb_cdcacm.c.o)
 .text.usbInit  0x08001644       0x44 /home/pi/Desktop/stm32/voltage-monitor/cache/core/core_38316ac8c6a90beb48547312bf27788a.a(usb_cdcacm.c.o)
 .text.usbReset
                0x08001688      0x160 /home/pi/Desktop/stm32/voltage-monitor/cache/core/core_38316ac8c6a90beb48547312bf27788a.a(usb_cdcacm.c.o)
 .text.usb_set_ep_rx_count
                0x080017e8       0x40 /home/pi/Desktop/stm32/voltage-monitor/cache/core/core_38316ac8c6a90beb48547312bf27788a.a(usb_reg_map.c.o)
                0x080017e8                usb_set_ep_rx_count
 .text.Standard_GetConfiguration
                0x08001828       0x24 /home/pi/Desktop/stm32/voltage-monitor/cache/core/core_38316ac8c6a90beb48547312bf27788a.a(usb_core.c.o)
                0x08001828                Standard_GetConfiguration
 .text.Standard_GetInterface
                0x0800184c       0x24 /home/pi/Desktop/stm32/voltage-monitor/cache/core/core_38316ac8c6a90beb48547312bf27788a.a(usb_core.c.o)
                0x0800184c                Standard_GetInterface
 .text.Standard_GetStatus
                0x08001870       0x90 /home/pi/Desktop/stm32/voltage-monitor/cache/core/core_38316ac8c6a90beb48547312bf27788a.a(usb_core.c.o)
                0x08001870                Standard_GetStatus
 .text.DataStageIn
                0x08001900       0xa8 /home/pi/Desktop/stm32/voltage-monitor/cache/core/core_38316ac8c6a90beb48547312bf27788a.a(usb_core.c.o)
 .text.Standard_SetConfiguration
                0x080019a8       0x38 /home/pi/Desktop/stm32/voltage-monitor/cache/core/core_38316ac8c6a90beb48547312bf27788a.a(usb_core.c.o)
                0x080019a8                Standard_SetConfiguration
 .text.Standard_SetInterface
                0x080019e0       0x48 /home/pi/Desktop/stm32/voltage-monitor/cache/core/core_38316ac8c6a90beb48547312bf27788a.a(usb_core.c.o)
                0x080019e0                Standard_SetInterface
 .text.Standard_ClearFeature
                0x08001a28       0xd0 /home/pi/Desktop/stm32/voltage-monitor/cache/core/core_38316ac8c6a90beb48547312bf27788a.a(usb_core.c.o)
                0x08001a28                Standard_ClearFeature
 .text.Standard_SetEndPointFeature
                0x08001af8       0x84 /home/pi/Desktop/stm32/voltage-monitor/cache/core/core_38316ac8c6a90beb48547312bf27788a.a(usb_core.c.o)
                0x08001af8                Standard_SetEndPointFeature
 .text.Standard_SetDeviceFeature
                0x08001b7c       0x24 /home/pi/Desktop/stm32/voltage-monitor/cache/core/core_38316ac8c6a90beb48547312bf27788a.a(usb_core.c.o)
                0x08001b7c                Standard_SetDeviceFeature
 .text.Standard_GetDescriptorData
                0x08001ba0       0x1c /home/pi/Desktop/stm32/voltage-monitor/cache/core/core_38316ac8c6a90beb48547312bf27788a.a(usb_core.c.o)
                0x08001ba0                Standard_GetDescriptorData
 .text.Post0_Process
                0x08001bbc       0x40 /home/pi/Desktop/stm32/voltage-monitor/cache/core/core_38316ac8c6a90beb48547312bf27788a.a(usb_core.c.o)
                0x08001bbc                Post0_Process
 .text.Setup0_Process
                0x08001bfc      0x2d0 /home/pi/Desktop/stm32/voltage-monitor/cache/core/core_38316ac8c6a90beb48547312bf27788a.a(usb_core.c.o)
                0x08001bfc                Setup0_Process
 .text.Out0_Process
                0x08001ecc       0xc8 /home/pi/Desktop/stm32/voltage-monitor/cache/core/core_38316ac8c6a90beb48547312bf27788a.a(usb_core.c.o)
                0x08001ecc                Out0_Process
 .text.SetDeviceAddress
                0x08001f94       0x38 /home/pi/Desktop/stm32/voltage-monitor/cache/core/core_38316ac8c6a90beb48547312bf27788a.a(usb_core.c.o)
                0x08001f94                SetDeviceAddress
 .text.In0_Process
                0x08001fcc       0x5c /home/pi/Desktop/stm32/voltage-monitor/cache/core/core_38316ac8c6a90beb48547312bf27788a.a(usb_core.c.o)
                0x08001fcc                In0_Process
 .text.NOP_Process
                0x08002028        0x2 /home/pi/Desktop/stm32/voltage-monitor/cache/core/core_38316ac8c6a90beb48547312bf27788a.a(usb_core.c.o)
                0x08002028                NOP_Process
 .text.UserToPMABufferCopy
                0x0800202a       0x30 /home/pi/Desktop/stm32/voltage-monitor/cache/core/core_38316ac8c6a90beb48547312bf27788a.a(usb_mem.c.o)
                0x0800202a                UserToPMABufferCopy
 .text.PMAToUserBufferCopy
                0x0800205a       0x24 /home/pi/Desktop/stm32/voltage-monitor/cache/core/core_38316ac8c6a90beb48547312bf27788a.a(usb_mem.c.o)
                0x0800205a                PMAToUserBufferCopy
 .text.SetEPTxStatus
                0x0800207e       0x2a /home/pi/Desktop/stm32/voltage-monitor/cache/core/core_38316ac8c6a90beb48547312bf27788a.a(usb_regs.c.o)
                0x0800207e                SetEPTxStatus
 .text.ClearDTOG_RX
                0x080020a8       0x20 /home/pi/Desktop/stm32/voltage-monitor/cache/core/core_38316ac8c6a90beb48547312bf27788a.a(usb_regs.c.o)
                0x080020a8                ClearDTOG_RX
 .text.ClearDTOG_TX
                0x080020c8       0x20 /home/pi/Desktop/stm32/voltage-monitor/cache/core/core_38316ac8c6a90beb48547312bf27788a.a(usb_regs.c.o)
                0x080020c8                ClearDTOG_TX
 .text.GetEPTxAddr
                0x080020e8       0x1c /home/pi/Desktop/stm32/voltage-monitor/cache/core/core_38316ac8c6a90beb48547312bf27788a.a(usb_regs.c.o)
                0x080020e8                GetEPTxAddr
 .text.GetEPRxAddr
                0x08002104       0x1c /home/pi/Desktop/stm32/voltage-monitor/cache/core/core_38316ac8c6a90beb48547312bf27788a.a(usb_regs.c.o)
                0x08002104                GetEPRxAddr
 .text.SetEPTxCount
                0x08002120       0x1c /home/pi/Desktop/stm32/voltage-monitor/cache/core/core_38316ac8c6a90beb48547312bf27788a.a(usb_regs.c.o)
                0x08002120                SetEPTxCount
 .text.SetEPRxCount
                0x0800213c       0x40 /home/pi/Desktop/stm32/voltage-monitor/cache/core/core_38316ac8c6a90beb48547312bf27788a.a(usb_regs.c.o)
                0x0800213c                SetEPRxCount
 .text.throb    0x0800217c       0x4c /home/pi/Desktop/stm32/voltage-monitor/cache/core/core_38316ac8c6a90beb48547312bf27788a.a(util.c.o)
                0x0800217c                throb
 .text.__error  0x080021c8       0x14 /home/pi/Desktop/stm32/voltage-monitor/cache/core/core_38316ac8c6a90beb48547312bf27788a.a(util.c.o)
                0x080021c8                __error
 .text.startup._Z7premainv
                0x080021dc        0x4 /home/pi/Desktop/stm32/voltage-monitor/cache/core/core_38316ac8c6a90beb48547312bf27788a.a(main.cpp.o)
                0x080021dc                premain()
 .text.startup.main
                0x080021e0        0xc /home/pi/Desktop/stm32/voltage-monitor/cache/core/core_38316ac8c6a90beb48547312bf27788a.a(main.cpp.o)
                0x080021e0                main
 .text._Z7pinModeh13WiringPinMode
                0x080021ec       0x84 /home/pi/Desktop/stm32/voltage-monitor/cache/core/core_38316ac8c6a90beb48547312bf27788a.a(wirish_digital_f1.cpp.o)
                0x080021ec                pinMode(unsigned char, WiringPinMode)
 .text.gpio_init
                0x08002270       0x14 /home/pi/Desktop/stm32/voltage-monitor/cache/core/core_38316ac8c6a90beb48547312bf27788a.a(gpio.c.o)
                0x08002270                gpio_init
 .text.i2c_start_condition
                0x08002284       0x14 /home/pi/Desktop/stm32/voltage-monitor/cache/core/core_38316ac8c6a90beb48547312bf27788a.a(i2c.c.o)
 .text.i2c_stop_condition
                0x08002298       0x1c /home/pi/Desktop/stm32/voltage-monitor/cache/core/core_38316ac8c6a90beb48547312bf27788a.a(i2c.c.o)
 .text._i2c_irq_handler
                0x080022b4      0x16c /home/pi/Desktop/stm32/voltage-monitor/cache/core/core_38316ac8c6a90beb48547312bf27788a.a(i2c.c.o)
                0x080022b4                _i2c_irq_handler
 .text._i2c_irq_error_handler
                0x08002420       0x2a /home/pi/Desktop/stm32/voltage-monitor/cache/core/core_38316ac8c6a90beb48547312bf27788a.a(i2c.c.o)
                0x08002420                _i2c_irq_error_handler
 *fill*         0x0800244a        0x2 
 .text.exit     0x0800244c       0x20 /home/pi/.arduino15/packages/arduino/tools/arm-none-eabi-gcc/4.8.3-2014q1/bin/../lib/gcc/arm-none-eabi/4.8.3/../../../../arm-none-eabi/lib/armv7-m/libc.a(lib_a-exit.o)
                0x0800244c                exit
 .text.__libc_init_array
                0x0800246c       0x50 /home/pi/.arduino15/packages/arduino/tools/arm-none-eabi-gcc/4.8.3-2014q1/bin/../lib/gcc/arm-none-eabi/4.8.3/../../../../arm-none-eabi/lib/armv7-m/libc.a(lib_a-init.o)
                0x0800246c                __libc_init_array
 .text.strlen   0x080024bc       0x60 /home/pi/.arduino15/packages/arduino/tools/arm-none-eabi-gcc/4.8.3-2014q1/bin/../lib/gcc/arm-none-eabi/4.8.3/../../../../arm-none-eabi/lib/armv7-m/libc.a(lib_a-strlen.o)
                0x080024bc                strlen
 .text.startup.register_fini
                0x0800251c       0x14 /home/pi/.arduino15/packages/arduino/tools/arm-none-eabi-gcc/4.8.3-2014q1/bin/../lib/gcc/arm-none-eabi/4.8.3/../../../../arm-none-eabi/lib/armv7-m/libc.a(lib_a-__call_atexit.o)
 .text.__call_exitprocs
                0x08002530       0xf0 /home/pi/.arduino15/packages/arduino/tools/arm-none-eabi-gcc/4.8.3-2014q1/bin/../lib/gcc/arm-none-eabi/4.8.3/../../../../arm-none-eabi/lib/armv7-m/libc.a(lib_a-__call_atexit.o)
                0x08002530                __call_exitprocs
 .text.atexit   0x08002620        0xc /home/pi/.arduino15/packages/arduino/tools/arm-none-eabi-gcc/4.8.3-2014q1/bin/../lib/gcc/arm-none-eabi/4.8.3/../../../../arm-none-eabi/lib/armv7-m/libc.a(lib_a-atexit.o)
                0x08002620                atexit
 .text.__libc_fini_array
                0x0800262c       0x30 /home/pi/.arduino15/packages/arduino/tools/arm-none-eabi-gcc/4.8.3-2014q1/bin/../lib/gcc/arm-none-eabi/4.8.3/../../../../arm-none-eabi/lib/armv7-m/libc.a(lib_a-fini.o)
                0x0800262c                __libc_fini_array
 .text.__register_exitproc
                0x0800265c       0xa8 /home/pi/.arduino15/packages/arduino/tools/arm-none-eabi-gcc/4.8.3-2014q1/bin/../lib/gcc/arm-none-eabi/4.8.3/../../../../arm-none-eabi/lib/armv7-m/libc.a(lib_a-__atexit.o)
                0x0800265c                __register_exitproc
 *(.plt)
 *(.gnu.warning)
 *(.glue_7t)
 .glue_7t       0x00000000        0x0 linker stubs
 *(.glue_7)
 .glue_7        0x00000000        0x0 linker stubs
 *(.vfp11_veneer)
 .vfp11_veneer  0x00000000        0x0 linker stubs
 *(.ARM.extab* .gnu.linkonce.armextab.*)
 *(.gcc_except_table)
 *(.eh_frame_hdr)
 *(.eh_frame)
 .eh_frame      0x08002704        0x0 /home/pi/.arduino15/packages/arduino/tools/arm-none-eabi-gcc/4.8.3-2014q1/bin/../lib/gcc/arm-none-eabi/4.8.3/armv7-m/crtbegin.o
                0x08002704                . = ALIGN (0x4)
 *(.init)
 .init          0x08002704        0x4 /home/pi/.arduino15/packages/arduino/tools/arm-none-eabi-gcc/4.8.3-2014q1/bin/../lib/gcc/arm-none-eabi/4.8.3/armv7-m/crti.o
                0x08002704                _init
 .init          0x08002708        0x8 /home/pi/.arduino15/packages/arduino/tools/arm-none-eabi-gcc/4.8.3-2014q1/bin/../lib/gcc/arm-none-eabi/4.8.3/armv7-m/crtn.o
                0x08002710                . = ALIGN (0x4)
                0x08002710                __preinit_array_start = .
 *(.preinit_array)
                0x08002710                __preinit_array_end = .
                0x08002710                . = ALIGN (0x4)
                0x08002710                __init_array_start = .
 *(SORT(.init_array.*))
 .init_array.00000
                0x08002710        0x4 /home/pi/.arduino15/packages/arduino/tools/arm-none-eabi-gcc/4.8.3-2014q1/bin/../lib/gcc/arm-none-eabi/4.8.3/../../../../arm-none-eabi/lib/armv7-m/libc.a(lib_a-__call_atexit.o)
 .init_array.00101
                0x08002714        0x4 /home/pi/Desktop/stm32/voltage-monitor/cache/core/core_38316ac8c6a90beb48547312bf27788a.a(main.cpp.o)
 *(.init_array)
 .init_array    0x08002718        0x4 /home/pi/.arduino15/packages/arduino/tools/arm-none-eabi-gcc/4.8.3-2014q1/bin/../lib/gcc/arm-none-eabi/4.8.3/armv7-m/crtbegin.o
 .init_array    0x0800271c        0x4 /home/pi/Desktop/stm32/voltage-monitor/build/core/board.cpp.o
                0x08002720                __init_array_end = .
                0x08002720                . = ALIGN (0x4)
 *crtbegin.o(.ctors)
 *(EXCLUDE_FILE(*crtend.o) .ctors)
 *(SORT(.ctors.*))
 *crtend.o(.ctors)
                0x08002720                . = ALIGN (0x4)
 *(.fini)
 .fini          0x08002720        0x4 /home/pi/.arduino15/packages/arduino/tools/arm-none-eabi-gcc/4.8.3-2014q1/bin/../lib/gcc/arm-none-eabi/4.8.3/armv7-m/crti.o
                0x08002720                _fini
 .fini          0x08002724        0x8 /home/pi/.arduino15/packages/arduino/tools/arm-none-eabi-gcc/4.8.3-2014q1/bin/../lib/gcc/arm-none-eabi/4.8.3/armv7-m/crtn.o
                0x0800272c                . = ALIGN (0x4)
                0x0800272c                __fini_array_start = .
 *(.fini_array)
 .fini_array    0x0800272c        0x4 /home/pi/.arduino15/packages/arduino/tools/arm-none-eabi-gcc/4.8.3-2014q1/bin/../lib/gcc/arm-none-eabi/4.8.3/armv7-m/crtbegin.o
 *(SORT(.fini_array.*))
                0x08002730                __fini_array_end = .
 *crtbegin.o(.dtors)
 *(EXCLUDE_FILE(*crtend.o) .dtors)
 *(SORT(.dtors.*))
 *crtend.o(.dtors)

.v4_bx          0x08002730        0x0
 .v4_bx         0x00000000        0x0 linker stubs

.iplt           0x08002730        0x0
 .iplt          0x00000000        0x0 /home/pi/.arduino15/packages/arduino/tools/arm-none-eabi-gcc/4.8.3-2014q1/bin/../lib/gcc/arm-none-eabi/4.8.3/armv7-m/crtbegin.o

.text.align     0x08002730        0x0
                0x08002730                . = ALIGN (0x8)
                0x08002730                __text_end__ = .
                0x08002730                __exidx_start = .

.ARM.exidx      0x08002730        0x8
 *(.ARM.exidx* .gnu.linkonce.armexidx.*)
 .ARM.exidx     0x08002730        0x8 /home/pi/Desktop/stm32/voltage-monitor/build/core/wirish/start.S.o
                0x08002738                __exidx_end = .

.data           0x20000000      0x808 load address 0x08002738
                0x20000000                __data_start__ = .
                0x20000000        0x4 LONG 0x0
                0x20000008                . = ALIGN (0x8)
 *fill*         0x20000004        0x4 
 *(.got.plt)
 *(.got)
 *(.data .data.* .gnu.linkonce.d.*)
 .data._ZN6wirish4privL8pll_dataE
                0x20000008        0x4 /home/pi/Desktop/stm32/voltage-monitor/build/core/wirish/boards_setup.cpp.o
 .data._ZN6wirish4priv9w_adc_smpE
                0x2000000c        0x1 /home/pi/Desktop/stm32/voltage-monitor/build/core/wirish/boards_setup.cpp.o
                0x2000000c                wirish::priv::w_adc_smp
 *fill*         0x2000000d        0x1 
 .data._ZN6wirish4priv9w_adc_preE
                0x2000000e        0x2 /home/pi/Desktop/stm32/voltage-monitor/build/core/wirish/boards_setup.cpp.o
                0x2000000e                wirish::priv::w_adc_pre
 .data._ZN6wirish4priv15w_board_pll_cfgE
                0x20000010        0x8 /home/pi/Desktop/stm32/voltage-monitor/build/core/wirish/boards_setup.cpp.o
                0x20000010                wirish::priv::w_board_pll_cfg
 .data.adc2     0x20000018        0x8 /home/pi/Desktop/stm32/voltage-monitor/cache/core/core_38316ac8c6a90beb48547312bf27788a.a(adc_f1.c.o)
                0x20000018                adc2
 .data.adc1     0x20000020       0x18 /home/pi/Desktop/stm32/voltage-monitor/cache/core/core_38316ac8c6a90beb48547312bf27788a.a(adc_f1.c.o)
                0x20000020                adc1
 .data.ADC2     0x20000038        0x4 /home/pi/Desktop/stm32/voltage-monitor/cache/core/core_38316ac8c6a90beb48547312bf27788a.a(adc_f1.c.o)
                0x20000038                ADC2
 .data.ADC1     0x2000003c        0x4 /home/pi/Desktop/stm32/voltage-monitor/cache/core/core_38316ac8c6a90beb48547312bf27788a.a(adc_f1.c.o)
                0x2000003c                ADC1
 .data.dma1     0x20000040       0x40 /home/pi/Desktop/stm32/voltage-monitor/cache/core/core_38316ac8c6a90beb48547312bf27788a.a(dma_f1.c.o)
 .data.DMA1     0x20000080        0x4 /home/pi/Desktop/stm32/voltage-monitor/cache/core/core_38316ac8c6a90beb48547312bf27788a.a(dma_f1.c.o)
                0x20000080                DMA1
 .data.gpioa    0x20000084        0x8 /home/pi/Desktop/stm32/voltage-monitor/cache/core/core_38316ac8c6a90beb48547312bf27788a.a(gpio_f1.c.o)
                0x20000084                gpioa
 .data.gpiob    0x2000008c        0x8 /home/pi/Desktop/stm32/voltage-monitor/cache/core/core_38316ac8c6a90beb48547312bf27788a.a(gpio_f1.c.o)
                0x2000008c                gpiob
 .data.gpioc    0x20000094        0x8 /home/pi/Desktop/stm32/voltage-monitor/cache/core/core_38316ac8c6a90beb48547312bf27788a.a(gpio_f1.c.o)
                0x20000094                gpioc
 .data.gpiod    0x2000009c        0x8 /home/pi/Desktop/stm32/voltage-monitor/cache/core/core_38316ac8c6a90beb48547312bf27788a.a(gpio_f1.c.o)
                0x2000009c                gpiod
 .data.i2c1     0x200000a4       0x24 /home/pi/Desktop/stm32/voltage-monitor/cache/core/core_38316ac8c6a90beb48547312bf27788a.a(i2c_f1.c.o)
 .data.i2c2     0x200000c8       0x24 /home/pi/Desktop/stm32/voltage-monitor/cache/core/core_38316ac8c6a90beb48547312bf27788a.a(i2c_f1.c.o)
 .data.enable_regs.4411
                0x200000ec        0xc /home/pi/Desktop/stm32/voltage-monitor/cache/core/core_38316ac8c6a90beb48547312bf27788a.a(rcc_f1.c.o)
 .data.reset_regs.4415
                0x200000f8        0x8 /home/pi/Desktop/stm32/voltage-monitor/cache/core/core_38316ac8c6a90beb48547312bf27788a.a(rcc_f1.c.o)
 .data.enable_regs.4424
                0x20000100        0xc /home/pi/Desktop/stm32/voltage-monitor/cache/core/core_38316ac8c6a90beb48547312bf27788a.a(rcc_f1.c.o)
 .data.timer3   0x2000010c       0x24 /home/pi/Desktop/stm32/voltage-monitor/cache/core/core_38316ac8c6a90beb48547312bf27788a.a(timer.c.o)
                0x2000010c                timer3
 .data.timer4   0x20000130       0x24 /home/pi/Desktop/stm32/voltage-monitor/cache/core/core_38316ac8c6a90beb48547312bf27788a.a(timer.c.o)
                0x20000130                timer4
 .data.timer1   0x20000154       0x28 /home/pi/Desktop/stm32/voltage-monitor/cache/core/core_38316ac8c6a90beb48547312bf27788a.a(timer.c.o)
                0x20000154                timer1
 .data.timer2   0x2000017c       0x24 /home/pi/Desktop/stm32/voltage-monitor/cache/core/core_38316ac8c6a90beb48547312bf27788a.a(timer.c.o)
                0x2000017c                timer2
 .data.USART1   0x200001a0        0x4 /home/pi/Desktop/stm32/voltage-monitor/cache/core/core_38316ac8c6a90beb48547312bf27788a.a(usart_f1.c.o)
                0x200001a0                USART1
 .data.USART2   0x200001a4        0x4 /home/pi/Desktop/stm32/voltage-monitor/cache/core/core_38316ac8c6a90beb48547312bf27788a.a(usart_f1.c.o)
                0x200001a4                USART2
 .data.USART3   0x200001a8        0x4 /home/pi/Desktop/stm32/voltage-monitor/cache/core/core_38316ac8c6a90beb48547312bf27788a.a(usart_f1.c.o)
                0x200001a8                USART3
 .data.usart1   0x200001ac       0x94 /home/pi/Desktop/stm32/voltage-monitor/cache/core/core_38316ac8c6a90beb48547312bf27788a.a(usart_f1.c.o)
 .data.usart2   0x20000240       0x94 /home/pi/Desktop/stm32/voltage-monitor/cache/core/core_38316ac8c6a90beb48547312bf27788a.a(usart_f1.c.o)
 .data.usart3   0x200002d4       0x94 /home/pi/Desktop/stm32/voltage-monitor/cache/core/core_38316ac8c6a90beb48547312bf27788a.a(usart_f1.c.o)
 .data.USBLIB   0x20000368        0x4 /home/pi/Desktop/stm32/voltage-monitor/cache/core/core_38316ac8c6a90beb48547312bf27788a.a(usb.c.o)
                0x20000368                USBLIB
 .data.usblib   0x2000036c       0x10 /home/pi/Desktop/stm32/voltage-monitor/cache/core/core_38316ac8c6a90beb48547312bf27788a.a(usb.c.o)
 .data.Config_Descriptor
                0x2000037c        0x8 /home/pi/Desktop/stm32/voltage-monitor/cache/core/core_38316ac8c6a90beb48547312bf27788a.a(usb_cdcacm.c.o)
 .data.Device_Property
                0x20000384       0x30 /home/pi/Desktop/stm32/voltage-monitor/cache/core/core_38316ac8c6a90beb48547312bf27788a.a(usb_cdcacm.c.o)
                0x20000384                Device_Property
 .data.String_Descriptor
                0x200003b4       0x18 /home/pi/Desktop/stm32/voltage-monitor/cache/core/core_38316ac8c6a90beb48547312bf27788a.a(usb_cdcacm.c.o)
 .data.line_coding
                0x200003cc        0x7 /home/pi/Desktop/stm32/voltage-monitor/cache/core/core_38316ac8c6a90beb48547312bf27788a.a(usb_cdcacm.c.o)
 *fill*         0x200003d3        0x1 
 .data.Device_Descriptor
                0x200003d4        0x8 /home/pi/Desktop/stm32/voltage-monitor/cache/core/core_38316ac8c6a90beb48547312bf27788a.a(usb_cdcacm.c.o)
 .data.Device_Table
                0x200003dc        0x2 /home/pi/Desktop/stm32/voltage-monitor/cache/core/core_38316ac8c6a90beb48547312bf27788a.a(usb_cdcacm.c.o)
                0x200003dc                Device_Table
 *fill*         0x200003de        0x2 
 .data.impure_data
                0x200003e0      0x428 /home/pi/.arduino15/packages/arduino/tools/arm-none-eabi-gcc/4.8.3-2014q1/bin/../lib/gcc/arm-none-eabi/4.8.3/../../../../arm-none-eabi/lib/armv7-m/libc.a(lib_a-impure.o)
                0x20000808                . = ALIGN (0x8)
                0x20000808                __data_end__ = .

.jcr            0x20000808        0x0 load address 0x08002f40
 .jcr           0x20000808        0x0 /home/pi/.arduino15/packages/arduino/tools/arm-none-eabi-gcc/4.8.3-2014q1/bin/../lib/gcc/arm-none-eabi/4.8.3/armv7-m/crtbegin.o

.igot.plt       0x20000808        0x0 load address 0x08002f40
 .igot.plt      0x00000000        0x0 /home/pi/.arduino15/packages/arduino/tools/arm-none-eabi-gcc/4.8.3-2014q1/bin/../lib/gcc/arm-none-eabi/4.8.3/armv7-m/crtbegin.o

.rodata         0x08002f40      0x350
 *(.rodata .rodata.* .gnu.linkonce.r.*)
 .rodata.PIN_MAP
                0x08002f40      0x230 /home/pi/Desktop/stm32/voltage-monitor/build/core/board.cpp.o
                0x08002f40                PIN_MAP
 .rodata._ZTV14HardwareSerial
                0x08003170       0x28 /home/pi/Desktop/stm32/voltage-monitor/cache/core/core_38316ac8c6a90beb48547312bf27788a.a(HardwareSerial.cpp.o)
                0x08003170                vtable for HardwareSerial
 .rodata.GPIOC  0x08003198        0x4 /home/pi/Desktop/stm32/voltage-monitor/cache/core/core_38316ac8c6a90beb48547312bf27788a.a(gpio_f1.c.o)
                0x08003198                GPIOC
 .rodata.rcc_dev_table
                0x0800319c       0x5c /home/pi/Desktop/stm32/voltage-monitor/cache/core/core_38316ac8c6a90beb48547312bf27788a.a(rcc_f1.c.o)
                0x0800319c                rcc_dev_table
 .rodata.masks.4420
                0x080031f8       0x14 /home/pi/Desktop/stm32/voltage-monitor/cache/core/core_38316ac8c6a90beb48547312bf27788a.a(rcc_f1.c.o)
 .rodata.usbVcomDescriptor_iProduct
                0x0800320c        0xc /home/pi/Desktop/stm32/voltage-monitor/cache/core/core_38316ac8c6a90beb48547312bf27788a.a(usb_cdcacm.c.o)
 .rodata.usbVcomDescriptor_iManufacturer
                0x08003218       0x12 /home/pi/Desktop/stm32/voltage-monitor/cache/core/core_38316ac8c6a90beb48547312bf27788a.a(usb_cdcacm.c.o)
 .rodata.usbVcomDescriptor_Device
                0x0800322a       0x12 /home/pi/Desktop/stm32/voltage-monitor/cache/core/core_38316ac8c6a90beb48547312bf27788a.a(usb_cdcacm.c.o)
 .rodata.usbVcomDescriptor_Config
                0x0800323c       0x43 /home/pi/Desktop/stm32/voltage-monitor/cache/core/core_38316ac8c6a90beb48547312bf27788a.a(usb_cdcacm.c.o)
 .rodata.usbVcomDescriptor_LangID
                0x0800327f        0x4 /home/pi/Desktop/stm32/voltage-monitor/cache/core/core_38316ac8c6a90beb48547312bf27788a.a(usb_cdcacm.c.o)
 *fill*         0x08003283        0x1 
 .rodata.str1.4
                0x08003284        0x4 /home/pi/.arduino15/packages/arduino/tools/arm-none-eabi-gcc/4.8.3-2014q1/bin/../lib/gcc/arm-none-eabi/4.8.3/../../../../arm-none-eabi/lib/armv7-m/libc.a(lib_a-impure.o)
 .rodata._global_impure_ptr
                0x08003288        0x4 /home/pi/.arduino15/packages/arduino/tools/arm-none-eabi-gcc/4.8.3-2014q1/bin/../lib/gcc/arm-none-eabi/4.8.3/../../../../arm-none-eabi/lib/armv7-m/libc.a(lib_a-impure.o)
                0x08003288                _global_impure_ptr
 *(.USER_FLASH)
                0x0800328c                . = ALIGN (0x4)
                0x0800328c                _lm_rom_img_cfgp = .
                0x0800328c        0x4 LONG 0x8002738 LOADADDR (.data)
                0x20000998                _lm_heap_start = DEFINED (_lm_heap_start)?_lm_heap_start:_end
                0x20005000                _lm_heap_end = DEFINED (_lm_heap_end)?_lm_heap_end:__msp_init

.rel.dyn        0x08003290        0x0
 .rel.iplt      0x00000000        0x0 /home/pi/.arduino15/packages/arduino/tools/arm-none-eabi-gcc/4.8.3-2014q1/bin/../lib/gcc/arm-none-eabi/4.8.3/armv7-m/crtbegin.o

.bss            0x20000808      0x190
                0x20000808                . = ALIGN (0x8)
                0x20000808                __bss_start__ = .
 *(.bss .bss.* .gnu.linkonce.b.*)
 .bss           0x20000808       0x1c /home/pi/.arduino15/packages/arduino/tools/arm-none-eabi-gcc/4.8.3-2014q1/bin/../lib/gcc/arm-none-eabi/4.8.3/armv7-m/crtbegin.o
 .bss.Serial    0x20000824       0x18 /home/pi/Desktop/stm32/voltage-monitor/build/core/board.cpp.o
                0x20000824                Serial
 .bss.Serial1   0x2000083c       0x18 /home/pi/Desktop/stm32/voltage-monitor/build/core/board.cpp.o
                0x2000083c                Serial1
 .bss.Serial2   0x20000854       0x18 /home/pi/Desktop/stm32/voltage-monitor/build/core/board.cpp.o
                0x20000854                Serial2
 .bss.exti_channels
                0x2000086c       0x80 /home/pi/Desktop/stm32/voltage-monitor/cache/core/core_38316ac8c6a90beb48547312bf27788a.a(exti.c.o)
 .bss.systick_user_callback
                0x200008ec        0x4 /home/pi/Desktop/stm32/voltage-monitor/cache/core/core_38316ac8c6a90beb48547312bf27788a.a(systick.c.o)
 .bss.usart1_wb
                0x200008f0        0xc /home/pi/Desktop/stm32/voltage-monitor/cache/core/core_38316ac8c6a90beb48547312bf27788a.a(usart_f1.c.o)
 .bss.usart1_rb
                0x200008fc        0xc /home/pi/Desktop/stm32/voltage-monitor/cache/core/core_38316ac8c6a90beb48547312bf27788a.a(usart_f1.c.o)
 .bss.usart2_rb
                0x20000908        0xc /home/pi/Desktop/stm32/voltage-monitor/cache/core/core_38316ac8c6a90beb48547312bf27788a.a(usart_f1.c.o)
 .bss.usart3_rb
                0x20000914        0xc /home/pi/Desktop/stm32/voltage-monitor/cache/core/core_38316ac8c6a90beb48547312bf27788a.a(usart_f1.c.o)
 .bss.usart2_wb
                0x20000920        0xc /home/pi/Desktop/stm32/voltage-monitor/cache/core/core_38316ac8c6a90beb48547312bf27788a.a(usart_f1.c.o)
 .bss.usart3_wb
                0x2000092c        0xc /home/pi/Desktop/stm32/voltage-monitor/cache/core/core_38316ac8c6a90beb48547312bf27788a.a(usart_f1.c.o)
 .bss.line_dtr_rts
                0x20000938        0x1 /home/pi/Desktop/stm32/voltage-monitor/cache/core/core_38316ac8c6a90beb48547312bf27788a.a(usb_cdcacm.c.o)
 *fill*         0x20000939        0x3 
 .bss.tx_head   0x2000093c        0x4 /home/pi/Desktop/stm32/voltage-monitor/cache/core/core_38316ac8c6a90beb48547312bf27788a.a(usb_cdcacm.c.o)
 .bss.transmitting
                0x20000940        0x1 /home/pi/Desktop/stm32/voltage-monitor/cache/core/core_38316ac8c6a90beb48547312bf27788a.a(usb_cdcacm.c.o)
 *fill*         0x20000941        0x3 
 .bss.rx_tail   0x20000944        0x4 /home/pi/Desktop/stm32/voltage-monitor/cache/core/core_38316ac8c6a90beb48547312bf27788a.a(usb_cdcacm.c.o)
 .bss.iface_setup_hook
                0x20000948        0x4 /home/pi/Desktop/stm32/voltage-monitor/cache/core/core_38316ac8c6a90beb48547312bf27788a.a(usb_cdcacm.c.o)
 .bss.rx_head   0x2000094c        0x4 /home/pi/Desktop/stm32/voltage-monitor/cache/core/core_38316ac8c6a90beb48547312bf27788a.a(usb_cdcacm.c.o)
 .bss.tx_tail   0x20000950        0x4 /home/pi/Desktop/stm32/voltage-monitor/cache/core/core_38316ac8c6a90beb48547312bf27788a.a(usb_cdcacm.c.o)
 .bss.Data_Mul_MaxPacketSize
                0x20000954        0x1 /home/pi/Desktop/stm32/voltage-monitor/cache/core/core_38316ac8c6a90beb48547312bf27788a.a(usb_core.c.o)
                0x20000954                Data_Mul_MaxPacketSize
 *(COMMON)
 *fill*         0x20000955        0x3 
 COMMON         0x20000958        0x4 /home/pi/Desktop/stm32/voltage-monitor/cache/core/core_38316ac8c6a90beb48547312bf27788a.a(systick.c.o)
                0x20000958                systick_uptime_millis
 COMMON         0x2000095c        0x6 /home/pi/Desktop/stm32/voltage-monitor/cache/core/core_38316ac8c6a90beb48547312bf27788a.a(usb.c.o)
                0x2000095c                SaveRState
                0x2000095e                SaveTState
                0x20000960                ResumeS
 COMMON         0x20000962        0x2 /home/pi/Desktop/stm32/voltage-monitor/cache/core/core_38316ac8c6a90beb48547312bf27788a.a(usb_core.c.o)
                0x20000962                StatusInfo
 COMMON         0x20000964       0x32 /home/pi/Desktop/stm32/voltage-monitor/cache/core/core_38316ac8c6a90beb48547312bf27788a.a(usb_init.c.o)
                0x20000964                SaveState
                0x20000968                pProperty
                0x2000096c                EPindex
                0x20000970                Device_Info
                0x2000098c                pUser_Standard_Requests
                0x20000990                pInformation
                0x20000994                wInterrupt_Mask
                0x20000998                . = ALIGN (0x8)
 *fill*         0x20000996        0x2 
                0x20000998                __bss_end__ = .
                0x20000998                _end = __bss_end__

.stab
 *(.stab)

.stabstr
 *(.stabstr)

.debug
 *(.debug)

.line
 *(.line)

.debug_srcinfo
 *(.debug_srcinfo)

.debug_sfnames
 *(.debug_sfnames)

.debug_aranges  0x00000000      0xdf8
 *(.debug_aranges)
 .debug_aranges
                0x00000000       0x30 /home/pi/Desktop/stm32/voltage-monitor/build/sketch/voltage-monitor.ino.cpp.o
 .debug_aranges
                0x00000030       0x28 /home/pi/Desktop/stm32/voltage-monitor/build/core/board.cpp.o
 .debug_aranges
                0x00000058       0x40 /home/pi/Desktop/stm32/voltage-monitor/build/core/wirish/boards.cpp.o
 .debug_aranges
                0x00000098       0x40 /home/pi/Desktop/stm32/voltage-monitor/build/core/wirish/boards_setup.cpp.o
 .debug_aranges
                0x000000d8       0x20 /home/pi/Desktop/stm32/voltage-monitor/build/core/wirish/start.S.o
 .debug_aranges
                0x000000f8       0x20 /home/pi/Desktop/stm32/voltage-monitor/build/core/wirish/start_c.c.o
 .debug_aranges
                0x00000118       0x88 /home/pi/Desktop/stm32/voltage-monitor/build/core/wirish/syscalls.c.o
 .debug_aranges
                0x000001a0       0x70 /home/pi/Desktop/stm32/voltage-monitor/cache/core/core_38316ac8c6a90beb48547312bf27788a.a(HardwareSerial.cpp.o)
 .debug_aranges
                0x00000210      0x110 /home/pi/Desktop/stm32/voltage-monitor/cache/core/core_38316ac8c6a90beb48547312bf27788a.a(Print.cpp.o)
 .debug_aranges
                0x00000320       0x20 /home/pi/Desktop/stm32/voltage-monitor/cache/core/core_38316ac8c6a90beb48547312bf27788a.a(cxxabi-compat.cpp.o)
 .debug_aranges
                0x00000340       0x38 /home/pi/Desktop/stm32/voltage-monitor/cache/core/core_38316ac8c6a90beb48547312bf27788a.a(adc.c.o)
 .debug_aranges
                0x00000378       0x58 /home/pi/Desktop/stm32/voltage-monitor/cache/core/core_38316ac8c6a90beb48547312bf27788a.a(adc_f1.c.o)
 .debug_aranges
                0x000003d0       0xa8 /home/pi/Desktop/stm32/voltage-monitor/cache/core/core_38316ac8c6a90beb48547312bf27788a.a(dma_f1.c.o)
 .debug_aranges
                0x00000478       0x20 /home/pi/Desktop/stm32/voltage-monitor/cache/core/core_38316ac8c6a90beb48547312bf27788a.a(exc.S.o)
 .debug_aranges
                0x00000498       0x70 /home/pi/Desktop/stm32/voltage-monitor/cache/core/core_38316ac8c6a90beb48547312bf27788a.a(exti.c.o)
 .debug_aranges
                0x00000508       0x20 /home/pi/Desktop/stm32/voltage-monitor/cache/core/core_38316ac8c6a90beb48547312bf27788a.a(exti_f1.c.o)
 .debug_aranges
                0x00000528       0x20 /home/pi/Desktop/stm32/voltage-monitor/cache/core/core_38316ac8c6a90beb48547312bf27788a.a(flash.c.o)
 .debug_aranges
                0x00000548       0x40 /home/pi/Desktop/stm32/voltage-monitor/cache/core/core_38316ac8c6a90beb48547312bf27788a.a(gpio_f1.c.o)
 .debug_aranges
                0x00000588       0x50 /home/pi/Desktop/stm32/voltage-monitor/cache/core/core_38316ac8c6a90beb48547312bf27788a.a(i2c_f1.c.o)
 .debug_aranges
                0x000005d8       0x38 /home/pi/Desktop/stm32/voltage-monitor/cache/core/core_38316ac8c6a90beb48547312bf27788a.a(nvic.c.o)
 .debug_aranges
                0x00000610       0x48 /home/pi/Desktop/stm32/voltage-monitor/cache/core/core_38316ac8c6a90beb48547312bf27788a.a(rcc.c.o)
 .debug_aranges
                0x00000658       0x48 /home/pi/Desktop/stm32/voltage-monitor/cache/core/core_38316ac8c6a90beb48547312bf27788a.a(rcc_f1.c.o)
 .debug_aranges
                0x000006a0       0x20 /home/pi/Desktop/stm32/voltage-monitor/cache/core/core_38316ac8c6a90beb48547312bf27788a.a(isrs.S.o)
 .debug_aranges
                0x000006c0       0x40 /home/pi/Desktop/stm32/voltage-monitor/cache/core/core_38316ac8c6a90beb48547312bf27788a.a(systick.c.o)
 .debug_aranges
                0x00000700       0xa8 /home/pi/Desktop/stm32/voltage-monitor/cache/core/core_38316ac8c6a90beb48547312bf27788a.a(timer.c.o)
 .debug_aranges
                0x000007a8       0x48 /home/pi/Desktop/stm32/voltage-monitor/cache/core/core_38316ac8c6a90beb48547312bf27788a.a(usart.c.o)
 .debug_aranges
                0x000007f0       0x58 /home/pi/Desktop/stm32/voltage-monitor/cache/core/core_38316ac8c6a90beb48547312bf27788a.a(usart_f1.c.o)
 .debug_aranges
                0x00000848       0x20 /home/pi/Desktop/stm32/voltage-monitor/cache/core/core_38316ac8c6a90beb48547312bf27788a.a(usart_private.c.o)
 .debug_aranges
                0x00000868       0x38 /home/pi/Desktop/stm32/voltage-monitor/cache/core/core_38316ac8c6a90beb48547312bf27788a.a(usb.c.o)
 .debug_aranges
                0x000008a0      0x128 /home/pi/Desktop/stm32/voltage-monitor/cache/core/core_38316ac8c6a90beb48547312bf27788a.a(usb_cdcacm.c.o)
 .debug_aranges
                0x000009c8       0x20 /home/pi/Desktop/stm32/voltage-monitor/cache/core/core_38316ac8c6a90beb48547312bf27788a.a(usb_reg_map.c.o)
 .debug_aranges
                0x000009e8       0x98 /home/pi/Desktop/stm32/voltage-monitor/cache/core/core_38316ac8c6a90beb48547312bf27788a.a(usb_core.c.o)
 .debug_aranges
                0x00000a80       0x20 /home/pi/Desktop/stm32/voltage-monitor/cache/core/core_38316ac8c6a90beb48547312bf27788a.a(usb_init.c.o)
 .debug_aranges
                0x00000aa0       0x28 /home/pi/Desktop/stm32/voltage-monitor/cache/core/core_38316ac8c6a90beb48547312bf27788a.a(usb_mem.c.o)
 .debug_aranges
                0x00000ac8      0x1f0 /home/pi/Desktop/stm32/voltage-monitor/cache/core/core_38316ac8c6a90beb48547312bf27788a.a(usb_regs.c.o)
 .debug_aranges
                0x00000cb8       0x50 /home/pi/Desktop/stm32/voltage-monitor/cache/core/core_38316ac8c6a90beb48547312bf27788a.a(util.c.o)
 .debug_aranges
                0x00000d08       0x28 /home/pi/Desktop/stm32/voltage-monitor/cache/core/core_38316ac8c6a90beb48547312bf27788a.a(main.cpp.o)
 .debug_aranges
                0x00000d30       0x20 /home/pi/Desktop/stm32/voltage-monitor/cache/core/core_38316ac8c6a90beb48547312bf27788a.a(wirish_digital_f1.cpp.o)
 .debug_aranges
                0x00000d50       0x28 /home/pi/Desktop/stm32/voltage-monitor/cache/core/core_38316ac8c6a90beb48547312bf27788a.a(dma.c.o)
 .debug_aranges
                0x00000d78       0x20 /home/pi/Desktop/stm32/voltage-monitor/cache/core/core_38316ac8c6a90beb48547312bf27788a.a(gpio.c.o)
 .debug_aranges
                0x00000d98       0x60 /home/pi/Desktop/stm32/voltage-monitor/cache/core/core_38316ac8c6a90beb48547312bf27788a.a(i2c.c.o)

.debug_pubnames
 *(.debug_pubnames)

.debug_info     0x00000000    0x1b640
 *(.debug_info .gnu.linkonce.wi.*)
 .debug_info    0x00000000      0x3ef /home/pi/Desktop/stm32/voltage-monitor/build/sketch/voltage-monitor.ino.cpp.o
 .debug_info    0x000003ef      0xf2e /home/pi/Desktop/stm32/voltage-monitor/build/core/board.cpp.o
 .debug_info    0x0000131d     0x142d /home/pi/Desktop/stm32/voltage-monitor/build/core/wirish/boards.cpp.o
 .debug_info    0x0000274a      0x665 /home/pi/Desktop/stm32/voltage-monitor/build/core/wirish/boards_setup.cpp.o
 .debug_info    0x00002daf       0xb1 /home/pi/Desktop/stm32/voltage-monitor/build/core/wirish/start.S.o
 .debug_info    0x00002e60      0x176 /home/pi/Desktop/stm32/voltage-monitor/build/core/wirish/start_c.c.o
 .debug_info    0x00002fd6      0x5cd /home/pi/Desktop/stm32/voltage-monitor/build/core/wirish/syscalls.c.o
 .debug_info    0x000035a3     0x29ea /home/pi/Desktop/stm32/voltage-monitor/cache/core/core_38316ac8c6a90beb48547312bf27788a.a(HardwareSerial.cpp.o)
 .debug_info    0x00005f8d     0x258c /home/pi/Desktop/stm32/voltage-monitor/cache/core/core_38316ac8c6a90beb48547312bf27788a.a(Print.cpp.o)
 .debug_info    0x00008519       0x33 /home/pi/Desktop/stm32/voltage-monitor/cache/core/core_38316ac8c6a90beb48547312bf27788a.a(cxxabi-compat.cpp.o)
 .debug_info    0x0000854c      0x79a /home/pi/Desktop/stm32/voltage-monitor/cache/core/core_38316ac8c6a90beb48547312bf27788a.a(adc.c.o)
 .debug_info    0x00008ce6      0xe4a /home/pi/Desktop/stm32/voltage-monitor/cache/core/core_38316ac8c6a90beb48547312bf27788a.a(adc_f1.c.o)
 .debug_info    0x00009b30     0x19f2 /home/pi/Desktop/stm32/voltage-monitor/cache/core/core_38316ac8c6a90beb48547312bf27788a.a(dma_f1.c.o)
 .debug_info    0x0000b522       0xa1 /home/pi/Desktop/stm32/voltage-monitor/cache/core/core_38316ac8c6a90beb48547312bf27788a.a(exc.S.o)
 .debug_info    0x0000b5c3      0xedd /home/pi/Desktop/stm32/voltage-monitor/cache/core/core_38316ac8c6a90beb48547312bf27788a.a(exti.c.o)
 .debug_info    0x0000c4a0      0x213 /home/pi/Desktop/stm32/voltage-monitor/cache/core/core_38316ac8c6a90beb48547312bf27788a.a(exti_f1.c.o)
 .debug_info    0x0000c6b3      0x128 /home/pi/Desktop/stm32/voltage-monitor/cache/core/core_38316ac8c6a90beb48547312bf27788a.a(flash.c.o)
 .debug_info    0x0000c7db      0x6d6 /home/pi/Desktop/stm32/voltage-monitor/cache/core/core_38316ac8c6a90beb48547312bf27788a.a(gpio_f1.c.o)
 .debug_info    0x0000ceb1      0xbd5 /home/pi/Desktop/stm32/voltage-monitor/cache/core/core_38316ac8c6a90beb48547312bf27788a.a(i2c_f1.c.o)
 .debug_info    0x0000da86      0x5a2 /home/pi/Desktop/stm32/voltage-monitor/cache/core/core_38316ac8c6a90beb48547312bf27788a.a(nvic.c.o)
 .debug_info    0x0000e028      0x556 /home/pi/Desktop/stm32/voltage-monitor/cache/core/core_38316ac8c6a90beb48547312bf27788a.a(rcc.c.o)
 .debug_info    0x0000e57e      0xb64 /home/pi/Desktop/stm32/voltage-monitor/cache/core/core_38316ac8c6a90beb48547312bf27788a.a(rcc_f1.c.o)
 .debug_info    0x0000f0e2       0xb6 /home/pi/Desktop/stm32/voltage-monitor/cache/core/core_38316ac8c6a90beb48547312bf27788a.a(isrs.S.o)
 .debug_info    0x0000f198      0x182 /home/pi/Desktop/stm32/voltage-monitor/cache/core/core_38316ac8c6a90beb48547312bf27788a.a(systick.c.o)
 .debug_info    0x0000f31a     0x1b6f /home/pi/Desktop/stm32/voltage-monitor/cache/core/core_38316ac8c6a90beb48547312bf27788a.a(timer.c.o)
 .debug_info    0x00010e89      0xc32 /home/pi/Desktop/stm32/voltage-monitor/cache/core/core_38316ac8c6a90beb48547312bf27788a.a(usart.c.o)
 .debug_info    0x00011abb      0xbc4 /home/pi/Desktop/stm32/voltage-monitor/cache/core/core_38316ac8c6a90beb48547312bf27788a.a(usart_f1.c.o)
 .debug_info    0x0001267f      0x595 /home/pi/Desktop/stm32/voltage-monitor/cache/core/core_38316ac8c6a90beb48547312bf27788a.a(usart_private.c.o)
 .debug_info    0x00012c14      0xd16 /home/pi/Desktop/stm32/voltage-monitor/cache/core/core_38316ac8c6a90beb48547312bf27788a.a(usb.c.o)
 .debug_info    0x0001392a     0x22d2 /home/pi/Desktop/stm32/voltage-monitor/cache/core/core_38316ac8c6a90beb48547312bf27788a.a(usb_cdcacm.c.o)
 .debug_info    0x00015bfc      0x26c /home/pi/Desktop/stm32/voltage-monitor/cache/core/core_38316ac8c6a90beb48547312bf27788a.a(usb_reg_map.c.o)
 .debug_info    0x00015e68      0xddf /home/pi/Desktop/stm32/voltage-monitor/cache/core/core_38316ac8c6a90beb48547312bf27788a.a(usb_core.c.o)
 .debug_info    0x00016c47      0x3ed /home/pi/Desktop/stm32/voltage-monitor/cache/core/core_38316ac8c6a90beb48547312bf27788a.a(usb_init.c.o)
 .debug_info    0x00017034      0x17b /home/pi/Desktop/stm32/voltage-monitor/cache/core/core_38316ac8c6a90beb48547312bf27788a.a(usb_mem.c.o)
 .debug_info    0x000171af      0xc88 /home/pi/Desktop/stm32/voltage-monitor/cache/core/core_38316ac8c6a90beb48547312bf27788a.a(usb_regs.c.o)
 .debug_info    0x00017e37      0xad2 /home/pi/Desktop/stm32/voltage-monitor/cache/core/core_38316ac8c6a90beb48547312bf27788a.a(util.c.o)
 .debug_info    0x00018909       0x99 /home/pi/Desktop/stm32/voltage-monitor/cache/core/core_38316ac8c6a90beb48547312bf27788a.a(main.cpp.o)
 .debug_info    0x000189a2      0xc8a /home/pi/Desktop/stm32/voltage-monitor/cache/core/core_38316ac8c6a90beb48547312bf27788a.a(wirish_digital_f1.cpp.o)
 .debug_info    0x0001962c      0x6f7 /home/pi/Desktop/stm32/voltage-monitor/cache/core/core_38316ac8c6a90beb48547312bf27788a.a(dma.c.o)
 .debug_info    0x00019d23      0x313 /home/pi/Desktop/stm32/voltage-monitor/cache/core/core_38316ac8c6a90beb48547312bf27788a.a(gpio.c.o)
 .debug_info    0x0001a036     0x160a /home/pi/Desktop/stm32/voltage-monitor/cache/core/core_38316ac8c6a90beb48547312bf27788a.a(i2c.c.o)

.debug_abbrev   0x00000000     0x54b5
 *(.debug_abbrev)
 .debug_abbrev  0x00000000      0x1da /home/pi/Desktop/stm32/voltage-monitor/build/sketch/voltage-monitor.ino.cpp.o
 .debug_abbrev  0x000001da      0x1ea /home/pi/Desktop/stm32/voltage-monitor/build/core/board.cpp.o
 .debug_abbrev  0x000003c4      0x3dd /home/pi/Desktop/stm32/voltage-monitor/build/core/wirish/boards.cpp.o
 .debug_abbrev  0x000007a1      0x196 /home/pi/Desktop/stm32/voltage-monitor/build/core/wirish/boards_setup.cpp.o
 .debug_abbrev  0x00000937       0x14 /home/pi/Desktop/stm32/voltage-monitor/build/core/wirish/start.S.o
 .debug_abbrev  0x0000094b      0x11f /home/pi/Desktop/stm32/voltage-monitor/build/core/wirish/start_c.c.o
 .debug_abbrev  0x00000a6a      0x17e /home/pi/Desktop/stm32/voltage-monitor/build/core/wirish/syscalls.c.o
 .debug_abbrev  0x00000be8      0x535 /home/pi/Desktop/stm32/voltage-monitor/cache/core/core_38316ac8c6a90beb48547312bf27788a.a(HardwareSerial.cpp.o)
 .debug_abbrev  0x0000111d      0x414 /home/pi/Desktop/stm32/voltage-monitor/cache/core/core_38316ac8c6a90beb48547312bf27788a.a(Print.cpp.o)
 .debug_abbrev  0x00001531       0x28 /home/pi/Desktop/stm32/voltage-monitor/cache/core/core_38316ac8c6a90beb48547312bf27788a.a(cxxabi-compat.cpp.o)
 .debug_abbrev  0x00001559      0x20b /home/pi/Desktop/stm32/voltage-monitor/cache/core/core_38316ac8c6a90beb48547312bf27788a.a(adc.c.o)
 .debug_abbrev  0x00001764      0x2e6 /home/pi/Desktop/stm32/voltage-monitor/cache/core/core_38316ac8c6a90beb48547312bf27788a.a(adc_f1.c.o)
 .debug_abbrev  0x00001a4a      0x3dd /home/pi/Desktop/stm32/voltage-monitor/cache/core/core_38316ac8c6a90beb48547312bf27788a.a(dma_f1.c.o)
 .debug_abbrev  0x00001e27       0x14 /home/pi/Desktop/stm32/voltage-monitor/cache/core/core_38316ac8c6a90beb48547312bf27788a.a(exc.S.o)
 .debug_abbrev  0x00001e3b      0x2a5 /home/pi/Desktop/stm32/voltage-monitor/cache/core/core_38316ac8c6a90beb48547312bf27788a.a(exti.c.o)
 .debug_abbrev  0x000020e0       0xdb /home/pi/Desktop/stm32/voltage-monitor/cache/core/core_38316ac8c6a90beb48547312bf27788a.a(exti_f1.c.o)
 .debug_abbrev  0x000021bb       0x9f /home/pi/Desktop/stm32/voltage-monitor/cache/core/core_38316ac8c6a90beb48547312bf27788a.a(flash.c.o)
 .debug_abbrev  0x0000225a      0x191 /home/pi/Desktop/stm32/voltage-monitor/cache/core/core_38316ac8c6a90beb48547312bf27788a.a(gpio_f1.c.o)
 .debug_abbrev  0x000023eb      0x202 /home/pi/Desktop/stm32/voltage-monitor/cache/core/core_38316ac8c6a90beb48547312bf27788a.a(i2c_f1.c.o)
 .debug_abbrev  0x000025ed      0x1ac /home/pi/Desktop/stm32/voltage-monitor/cache/core/core_38316ac8c6a90beb48547312bf27788a.a(nvic.c.o)
 .debug_abbrev  0x00002799      0x17f /home/pi/Desktop/stm32/voltage-monitor/cache/core/core_38316ac8c6a90beb48547312bf27788a.a(rcc.c.o)
 .debug_abbrev  0x00002918      0x28c /home/pi/Desktop/stm32/voltage-monitor/cache/core/core_38316ac8c6a90beb48547312bf27788a.a(rcc_f1.c.o)
 .debug_abbrev  0x00002ba4       0x14 /home/pi/Desktop/stm32/voltage-monitor/cache/core/core_38316ac8c6a90beb48547312bf27788a.a(isrs.S.o)
 .debug_abbrev  0x00002bb8      0x10f /home/pi/Desktop/stm32/voltage-monitor/cache/core/core_38316ac8c6a90beb48547312bf27788a.a(systick.c.o)
 .debug_abbrev  0x00002cc7      0x474 /home/pi/Desktop/stm32/voltage-monitor/cache/core/core_38316ac8c6a90beb48547312bf27788a.a(timer.c.o)
 .debug_abbrev  0x0000313b      0x2ff /home/pi/Desktop/stm32/voltage-monitor/cache/core/core_38316ac8c6a90beb48547312bf27788a.a(usart.c.o)
 .debug_abbrev  0x0000343a      0x292 /home/pi/Desktop/stm32/voltage-monitor/cache/core/core_38316ac8c6a90beb48547312bf27788a.a(usart_f1.c.o)
 .debug_abbrev  0x000036cc      0x144 /home/pi/Desktop/stm32/voltage-monitor/cache/core/core_38316ac8c6a90beb48547312bf27788a.a(usart_private.c.o)
 .debug_abbrev  0x00003810      0x352 /home/pi/Desktop/stm32/voltage-monitor/cache/core/core_38316ac8c6a90beb48547312bf27788a.a(usb.c.o)
 .debug_abbrev  0x00003b62      0x47d /home/pi/Desktop/stm32/voltage-monitor/cache/core/core_38316ac8c6a90beb48547312bf27788a.a(usb_cdcacm.c.o)
 .debug_abbrev  0x00003fdf      0x193 /home/pi/Desktop/stm32/voltage-monitor/cache/core/core_38316ac8c6a90beb48547312bf27788a.a(usb_reg_map.c.o)
 .debug_abbrev  0x00004172      0x3a6 /home/pi/Desktop/stm32/voltage-monitor/cache/core/core_38316ac8c6a90beb48547312bf27788a.a(usb_core.c.o)
 .debug_abbrev  0x00004518      0x101 /home/pi/Desktop/stm32/voltage-monitor/cache/core/core_38316ac8c6a90beb48547312bf27788a.a(usb_init.c.o)
 .debug_abbrev  0x00004619       0x90 /home/pi/Desktop/stm32/voltage-monitor/cache/core/core_38316ac8c6a90beb48547312bf27788a.a(usb_mem.c.o)
 .debug_abbrev  0x000046a9      0x1f3 /home/pi/Desktop/stm32/voltage-monitor/cache/core/core_38316ac8c6a90beb48547312bf27788a.a(usb_regs.c.o)
 .debug_abbrev  0x0000489c      0x2c9 /home/pi/Desktop/stm32/voltage-monitor/cache/core/core_38316ac8c6a90beb48547312bf27788a.a(util.c.o)
 .debug_abbrev  0x00004b65       0x7b /home/pi/Desktop/stm32/voltage-monitor/cache/core/core_38316ac8c6a90beb48547312bf27788a.a(main.cpp.o)
 .debug_abbrev  0x00004be0      0x240 /home/pi/Desktop/stm32/voltage-monitor/cache/core/core_38316ac8c6a90beb48547312bf27788a.a(wirish_digital_f1.cpp.o)
 .debug_abbrev  0x00004e20      0x182 /home/pi/Desktop/stm32/voltage-monitor/cache/core/core_38316ac8c6a90beb48547312bf27788a.a(dma.c.o)
 .debug_abbrev  0x00004fa2      0x113 /home/pi/Desktop/stm32/voltage-monitor/cache/core/core_38316ac8c6a90beb48547312bf27788a.a(gpio.c.o)
 .debug_abbrev  0x000050b5      0x400 /home/pi/Desktop/stm32/voltage-monitor/cache/core/core_38316ac8c6a90beb48547312bf27788a.a(i2c.c.o)

.debug_line     0x00000000     0x827f
 *(.debug_line)
 .debug_line    0x00000000      0x395 /home/pi/Desktop/stm32/voltage-monitor/build/sketch/voltage-monitor.ino.cpp.o
 .debug_line    0x00000395      0x397 /home/pi/Desktop/stm32/voltage-monitor/build/core/board.cpp.o
 .debug_line    0x0000072c      0x42d /home/pi/Desktop/stm32/voltage-monitor/build/core/wirish/boards.cpp.o
 .debug_line    0x00000b59      0x31c /home/pi/Desktop/stm32/voltage-monitor/build/core/wirish/boards_setup.cpp.o
 .debug_line    0x00000e75       0x96 /home/pi/Desktop/stm32/voltage-monitor/build/core/wirish/start.S.o
 .debug_line    0x00000f0b       0xa7 /home/pi/Desktop/stm32/voltage-monitor/build/core/wirish/start_c.c.o
 .debug_line    0x00000fb2      0x2c6 /home/pi/Desktop/stm32/voltage-monitor/build/core/wirish/syscalls.c.o
 .debug_line    0x00001278      0x4c7 /home/pi/Desktop/stm32/voltage-monitor/cache/core/core_38316ac8c6a90beb48547312bf27788a.a(HardwareSerial.cpp.o)
 .debug_line    0x0000173f      0x553 /home/pi/Desktop/stm32/voltage-monitor/cache/core/core_38316ac8c6a90beb48547312bf27788a.a(Print.cpp.o)
 .debug_line    0x00001c92       0x82 /home/pi/Desktop/stm32/voltage-monitor/cache/core/core_38316ac8c6a90beb48547312bf27788a.a(cxxabi-compat.cpp.o)
 .debug_line    0x00001d14      0x2c2 /home/pi/Desktop/stm32/voltage-monitor/cache/core/core_38316ac8c6a90beb48547312bf27788a.a(adc.c.o)
 .debug_line    0x00001fd6      0x36e /home/pi/Desktop/stm32/voltage-monitor/cache/core/core_38316ac8c6a90beb48547312bf27788a.a(adc_f1.c.o)
 .debug_line    0x00002344      0x5e5 /home/pi/Desktop/stm32/voltage-monitor/cache/core/core_38316ac8c6a90beb48547312bf27788a.a(dma_f1.c.o)
 .debug_line    0x00002929       0x99 /home/pi/Desktop/stm32/voltage-monitor/cache/core/core_38316ac8c6a90beb48547312bf27788a.a(exc.S.o)
 .debug_line    0x000029c2      0x3d8 /home/pi/Desktop/stm32/voltage-monitor/cache/core/core_38316ac8c6a90beb48547312bf27788a.a(exti.c.o)
 .debug_line    0x00002d9a      0x2a6 /home/pi/Desktop/stm32/voltage-monitor/cache/core/core_38316ac8c6a90beb48547312bf27788a.a(exti_f1.c.o)
 .debug_line    0x00003040      0x244 /home/pi/Desktop/stm32/voltage-monitor/cache/core/core_38316ac8c6a90beb48547312bf27788a.a(flash.c.o)
 .debug_line    0x00003284      0x2d9 /home/pi/Desktop/stm32/voltage-monitor/cache/core/core_38316ac8c6a90beb48547312bf27788a.a(gpio_f1.c.o)
 .debug_line    0x0000355d      0x3b6 /home/pi/Desktop/stm32/voltage-monitor/cache/core/core_38316ac8c6a90beb48547312bf27788a.a(i2c_f1.c.o)
 .debug_line    0x00003913      0x2ac /home/pi/Desktop/stm32/voltage-monitor/cache/core/core_38316ac8c6a90beb48547312bf27788a.a(nvic.c.o)
 .debug_line    0x00003bbf      0x327 /home/pi/Desktop/stm32/voltage-monitor/cache/core/core_38316ac8c6a90beb48547312bf27788a.a(rcc.c.o)
 .debug_line    0x00003ee6      0x374 /home/pi/Desktop/stm32/voltage-monitor/cache/core/core_38316ac8c6a90beb48547312bf27788a.a(rcc_f1.c.o)
 .debug_line    0x0000425a       0x96 /home/pi/Desktop/stm32/voltage-monitor/cache/core/core_38316ac8c6a90beb48547312bf27788a.a(isrs.S.o)
 .debug_line    0x000042f0      0x234 /home/pi/Desktop/stm32/voltage-monitor/cache/core/core_38316ac8c6a90beb48547312bf27788a.a(systick.c.o)
 .debug_line    0x00004524      0x568 /home/pi/Desktop/stm32/voltage-monitor/cache/core/core_38316ac8c6a90beb48547312bf27788a.a(timer.c.o)
 .debug_line    0x00004a8c      0x3da /home/pi/Desktop/stm32/voltage-monitor/cache/core/core_38316ac8c6a90beb48547312bf27788a.a(usart.c.o)
 .debug_line    0x00004e66      0x3e0 /home/pi/Desktop/stm32/voltage-monitor/cache/core/core_38316ac8c6a90beb48547312bf27788a.a(usart_f1.c.o)
 .debug_line    0x00005246      0x280 /home/pi/Desktop/stm32/voltage-monitor/cache/core/core_38316ac8c6a90beb48547312bf27788a.a(usart_private.c.o)
 .debug_line    0x000054c6      0x47c /home/pi/Desktop/stm32/voltage-monitor/cache/core/core_38316ac8c6a90beb48547312bf27788a.a(usb.c.o)
 .debug_line    0x00005942      0x88a /home/pi/Desktop/stm32/voltage-monitor/cache/core/core_38316ac8c6a90beb48547312bf27788a.a(usb_cdcacm.c.o)
 .debug_line    0x000061cc      0x275 /home/pi/Desktop/stm32/voltage-monitor/cache/core/core_38316ac8c6a90beb48547312bf27788a.a(usb_reg_map.c.o)
 .debug_line    0x00006441      0x3f5 /home/pi/Desktop/stm32/voltage-monitor/cache/core/core_38316ac8c6a90beb48547312bf27788a.a(usb_core.c.o)
 .debug_line    0x00006836      0x10a /home/pi/Desktop/stm32/voltage-monitor/cache/core/core_38316ac8c6a90beb48547312bf27788a.a(usb_init.c.o)
 .debug_line    0x00006940      0x136 /home/pi/Desktop/stm32/voltage-monitor/cache/core/core_38316ac8c6a90beb48547312bf27788a.a(usb_mem.c.o)
 .debug_line    0x00006a76      0x56e /home/pi/Desktop/stm32/voltage-monitor/cache/core/core_38316ac8c6a90beb48547312bf27788a.a(usb_regs.c.o)
 .debug_line    0x00006fe4      0x348 /home/pi/Desktop/stm32/voltage-monitor/cache/core/core_38316ac8c6a90beb48547312bf27788a.a(util.c.o)
 .debug_line    0x0000732c       0x91 /home/pi/Desktop/stm32/voltage-monitor/cache/core/core_38316ac8c6a90beb48547312bf27788a.a(main.cpp.o)
 .debug_line    0x000073bd      0x354 /home/pi/Desktop/stm32/voltage-monitor/cache/core/core_38316ac8c6a90beb48547312bf27788a.a(wirish_digital_f1.cpp.o)
 .debug_line    0x00007711      0x2f0 /home/pi/Desktop/stm32/voltage-monitor/cache/core/core_38316ac8c6a90beb48547312bf27788a.a(dma.c.o)
 .debug_line    0x00007a01      0x269 /home/pi/Desktop/stm32/voltage-monitor/cache/core/core_38316ac8c6a90beb48547312bf27788a.a(gpio.c.o)
 .debug_line    0x00007c6a      0x615 /home/pi/Desktop/stm32/voltage-monitor/cache/core/core_38316ac8c6a90beb48547312bf27788a.a(i2c.c.o)

.debug_frame    0x00000000     0x2044
 *(.debug_frame)
 .debug_frame   0x00000000       0x58 /home/pi/Desktop/stm32/voltage-monitor/build/sketch/voltage-monitor.ino.cpp.o
 .debug_frame   0x00000058       0x38 /home/pi/Desktop/stm32/voltage-monitor/build/core/board.cpp.o
 .debug_frame   0x00000090       0x84 /home/pi/Desktop/stm32/voltage-monitor/build/core/wirish/boards.cpp.o
 .debug_frame   0x00000114       0x68 /home/pi/Desktop/stm32/voltage-monitor/build/core/wirish/boards_setup.cpp.o
 .debug_frame   0x0000017c       0x28 /home/pi/Desktop/stm32/voltage-monitor/build/core/wirish/start_c.c.o
 .debug_frame   0x000001a4      0x130 /home/pi/Desktop/stm32/voltage-monitor/build/core/wirish/syscalls.c.o
 .debug_frame   0x000002d4      0x10c /home/pi/Desktop/stm32/voltage-monitor/cache/core/core_38316ac8c6a90beb48547312bf27788a.a(HardwareSerial.cpp.o)
 .debug_frame   0x000003e0      0x378 /home/pi/Desktop/stm32/voltage-monitor/cache/core/core_38316ac8c6a90beb48547312bf27788a.a(Print.cpp.o)
 .debug_frame   0x00000758       0x20 /home/pi/Desktop/stm32/voltage-monitor/cache/core/core_38316ac8c6a90beb48547312bf27788a.a(cxxabi-compat.cpp.o)
 .debug_frame   0x00000778       0x64 /home/pi/Desktop/stm32/voltage-monitor/cache/core/core_38316ac8c6a90beb48547312bf27788a.a(adc.c.o)
 .debug_frame   0x000007dc       0xb4 /home/pi/Desktop/stm32/voltage-monitor/cache/core/core_38316ac8c6a90beb48547312bf27788a.a(adc_f1.c.o)
 .debug_frame   0x00000890      0x19c /home/pi/Desktop/stm32/voltage-monitor/cache/core/core_38316ac8c6a90beb48547312bf27788a.a(dma_f1.c.o)
 .debug_frame   0x00000a2c      0x128 /home/pi/Desktop/stm32/voltage-monitor/cache/core/core_38316ac8c6a90beb48547312bf27788a.a(exti.c.o)
 .debug_frame   0x00000b54       0x20 /home/pi/Desktop/stm32/voltage-monitor/cache/core/core_38316ac8c6a90beb48547312bf27788a.a(exti_f1.c.o)
 .debug_frame   0x00000b74       0x20 /home/pi/Desktop/stm32/voltage-monitor/cache/core/core_38316ac8c6a90beb48547312bf27788a.a(flash.c.o)
 .debug_frame   0x00000b94       0x7c /home/pi/Desktop/stm32/voltage-monitor/cache/core/core_38316ac8c6a90beb48547312bf27788a.a(gpio_f1.c.o)
 .debug_frame   0x00000c10       0x9c /home/pi/Desktop/stm32/voltage-monitor/cache/core/core_38316ac8c6a90beb48547312bf27788a.a(i2c_f1.c.o)
 .debug_frame   0x00000cac       0x5c /home/pi/Desktop/stm32/voltage-monitor/cache/core/core_38316ac8c6a90beb48547312bf27788a.a(nvic.c.o)
 .debug_frame   0x00000d08       0x70 /home/pi/Desktop/stm32/voltage-monitor/cache/core/core_38316ac8c6a90beb48547312bf27788a.a(rcc.c.o)
 .debug_frame   0x00000d78       0x98 /home/pi/Desktop/stm32/voltage-monitor/cache/core/core_38316ac8c6a90beb48547312bf27788a.a(rcc_f1.c.o)
 .debug_frame   0x00000e10       0x68 /home/pi/Desktop/stm32/voltage-monitor/cache/core/core_38316ac8c6a90beb48547312bf27788a.a(systick.c.o)
 .debug_frame   0x00000e78      0x1d0 /home/pi/Desktop/stm32/voltage-monitor/cache/core/core_38316ac8c6a90beb48547312bf27788a.a(timer.c.o)
 .debug_frame   0x00001048       0xb4 /home/pi/Desktop/stm32/voltage-monitor/cache/core/core_38316ac8c6a90beb48547312bf27788a.a(usart.c.o)
 .debug_frame   0x000010fc       0xe0 /home/pi/Desktop/stm32/voltage-monitor/cache/core/core_38316ac8c6a90beb48547312bf27788a.a(usart_f1.c.o)
 .debug_frame   0x000011dc       0x28 /home/pi/Desktop/stm32/voltage-monitor/cache/core/core_38316ac8c6a90beb48547312bf27788a.a(usart_private.c.o)
 .debug_frame   0x00001204       0x6c /home/pi/Desktop/stm32/voltage-monitor/cache/core/core_38316ac8c6a90beb48547312bf27788a.a(usb.c.o)
 .debug_frame   0x00001270      0x2cc /home/pi/Desktop/stm32/voltage-monitor/cache/core/core_38316ac8c6a90beb48547312bf27788a.a(usb_cdcacm.c.o)
 .debug_frame   0x0000153c       0x20 /home/pi/Desktop/stm32/voltage-monitor/cache/core/core_38316ac8c6a90beb48547312bf27788a.a(usb_reg_map.c.o)
 .debug_frame   0x0000155c      0x1ac /home/pi/Desktop/stm32/voltage-monitor/cache/core/core_38316ac8c6a90beb48547312bf27788a.a(usb_core.c.o)
 .debug_frame   0x00001708       0x28 /home/pi/Desktop/stm32/voltage-monitor/cache/core/core_38316ac8c6a90beb48547312bf27788a.a(usb_init.c.o)
 .debug_frame   0x00001730       0x44 /home/pi/Desktop/stm32/voltage-monitor/cache/core/core_38316ac8c6a90beb48547312bf27788a.a(usb_mem.c.o)
 .debug_frame   0x00001774      0x3d0 /home/pi/Desktop/stm32/voltage-monitor/cache/core/core_38316ac8c6a90beb48547312bf27788a.a(usb_regs.c.o)
 .debug_frame   0x00001b44       0xc8 /home/pi/Desktop/stm32/voltage-monitor/cache/core/core_38316ac8c6a90beb48547312bf27788a.a(util.c.o)
 .debug_frame   0x00001c0c       0x38 /home/pi/Desktop/stm32/voltage-monitor/cache/core/core_38316ac8c6a90beb48547312bf27788a.a(main.cpp.o)
 .debug_frame   0x00001c44       0x2c /home/pi/Desktop/stm32/voltage-monitor/cache/core/core_38316ac8c6a90beb48547312bf27788a.a(wirish_digital_f1.cpp.o)
 .debug_frame   0x00001c70       0x30 /home/pi/Desktop/stm32/voltage-monitor/cache/core/core_38316ac8c6a90beb48547312bf27788a.a(dma.c.o)
 .debug_frame   0x00001ca0       0x28 /home/pi/Desktop/stm32/voltage-monitor/cache/core/core_38316ac8c6a90beb48547312bf27788a.a(gpio.c.o)
 .debug_frame   0x00001cc8       0xe0 /home/pi/Desktop/stm32/voltage-monitor/cache/core/core_38316ac8c6a90beb48547312bf27788a.a(i2c.c.o)
 .debug_frame   0x00001da8       0x2c /home/pi/.arduino15/packages/arduino/tools/arm-none-eabi-gcc/4.8.3-2014q1/bin/../lib/gcc/arm-none-eabi/4.8.3/armv7-m/libgcc.a(_fixdfdi.o)
 .debug_frame   0x00001dd4       0x2c /home/pi/.arduino15/packages/arduino/tools/arm-none-eabi-gcc/4.8.3-2014q1/bin/../lib/gcc/arm-none-eabi/4.8.3/armv7-m/libgcc.a(_fixunsdfdi.o)
 .debug_frame   0x00001e00       0x58 /home/pi/.arduino15/packages/arduino/tools/arm-none-eabi-gcc/4.8.3-2014q1/bin/../lib/gcc/arm-none-eabi/4.8.3/armv7-m/libgcc.a(bpabi.o)
 .debug_frame   0x00001e58       0x34 /home/pi/.arduino15/packages/arduino/tools/arm-none-eabi-gcc/4.8.3-2014q1/bin/../lib/gcc/arm-none-eabi/4.8.3/armv7-m/libgcc.a(_divdi3.o)
 .debug_frame   0x00001e8c       0x34 /home/pi/.arduino15/packages/arduino/tools/arm-none-eabi-gcc/4.8.3-2014q1/bin/../lib/gcc/arm-none-eabi/4.8.3/armv7-m/libgcc.a(_udivdi3.o)
 .debug_frame   0x00001ec0       0x20 /home/pi/.arduino15/packages/arduino/tools/arm-none-eabi-gcc/4.8.3-2014q1/bin/../lib/gcc/arm-none-eabi/4.8.3/../../../../arm-none-eabi/lib/armv7-m/libc.a(lib_a-errno.o)
 .debug_frame   0x00001ee0       0x28 /home/pi/.arduino15/packages/arduino/tools/arm-none-eabi-gcc/4.8.3-2014q1/bin/../lib/gcc/arm-none-eabi/4.8.3/../../../../arm-none-eabi/lib/armv7-m/libc.a(lib_a-exit.o)
 .debug_frame   0x00001f08       0x2c /home/pi/.arduino15/packages/arduino/tools/arm-none-eabi-gcc/4.8.3-2014q1/bin/../lib/gcc/arm-none-eabi/4.8.3/../../../../arm-none-eabi/lib/armv7-m/libc.a(lib_a-init.o)
 .debug_frame   0x00001f34       0x2c /home/pi/.arduino15/packages/arduino/tools/arm-none-eabi-gcc/4.8.3-2014q1/bin/../lib/gcc/arm-none-eabi/4.8.3/../../../../arm-none-eabi/lib/armv7-m/libc.a(lib_a-memset.o)
 .debug_frame   0x00001f60       0x20 /home/pi/.arduino15/packages/arduino/tools/arm-none-eabi-gcc/4.8.3-2014q1/bin/../lib/gcc/arm-none-eabi/4.8.3/../../../../arm-none-eabi/lib/armv7-m/libc.a(lib_a-strlen.o)
 .debug_frame   0x00001f80       0x48 /home/pi/.arduino15/packages/arduino/tools/arm-none-eabi-gcc/4.8.3-2014q1/bin/../lib/gcc/arm-none-eabi/4.8.3/../../../../arm-none-eabi/lib/armv7-m/libc.a(lib_a-__call_atexit.o)
 .debug_frame   0x00001fc8       0x20 /home/pi/.arduino15/packages/arduino/tools/arm-none-eabi-gcc/4.8.3-2014q1/bin/../lib/gcc/arm-none-eabi/4.8.3/../../../../arm-none-eabi/lib/armv7-m/libc.a(lib_a-atexit.o)
 .debug_frame   0x00001fe8       0x2c /home/pi/.arduino15/packages/arduino/tools/arm-none-eabi-gcc/4.8.3-2014q1/bin/../lib/gcc/arm-none-eabi/4.8.3/../../../../arm-none-eabi/lib/armv7-m/libc.a(lib_a-fini.o)
 .debug_frame   0x00002014       0x30 /home/pi/.arduino15/packages/arduino/tools/arm-none-eabi-gcc/4.8.3-2014q1/bin/../lib/gcc/arm-none-eabi/4.8.3/../../../../arm-none-eabi/lib/armv7-m/libc.a(lib_a-__atexit.o)

.debug_str      0x00000000     0x6fef
 *(.debug_str)
 .debug_str     0x00000000      0x39b /home/pi/Desktop/stm32/voltage-monitor/build/sketch/voltage-monitor.ino.cpp.o
                                0x437 (size before relaxing)
 .debug_str     0x0000039b      0xa40 /home/pi/Desktop/stm32/voltage-monitor/build/core/board.cpp.o
                                0xcf5 (size before relaxing)
 .debug_str     0x00000ddb      0x760 /home/pi/Desktop/stm32/voltage-monitor/build/core/wirish/boards.cpp.o
                               0x1124 (size before relaxing)
 .debug_str     0x0000153b      0x448 /home/pi/Desktop/stm32/voltage-monitor/build/core/wirish/boards_setup.cpp.o
                                0xae5 (size before relaxing)
 .debug_str     0x00001983      0x1af /home/pi/Desktop/stm32/voltage-monitor/build/core/wirish/start_c.c.o
                                0x1ed (size before relaxing)
 .debug_str     0x00001b32      0x1c1 /home/pi/Desktop/stm32/voltage-monitor/build/core/wirish/syscalls.c.o
                                0x36f (size before relaxing)
 .debug_str     0x00001cf3      0xffd /home/pi/Desktop/stm32/voltage-monitor/cache/core/core_38316ac8c6a90beb48547312bf27788a.a(HardwareSerial.cpp.o)
                               0x1bd3 (size before relaxing)
 .debug_str     0x00002cf0      0x41a /home/pi/Desktop/stm32/voltage-monitor/cache/core/core_38316ac8c6a90beb48547312bf27788a.a(Print.cpp.o)
                                0xfa1 (size before relaxing)
 .debug_str     0x0000310a       0x68 /home/pi/Desktop/stm32/voltage-monitor/cache/core/core_38316ac8c6a90beb48547312bf27788a.a(cxxabi-compat.cpp.o)
                                0x167 (size before relaxing)
 .debug_str     0x00003172      0x213 /home/pi/Desktop/stm32/voltage-monitor/cache/core/core_38316ac8c6a90beb48547312bf27788a.a(adc.c.o)
                                0xab7 (size before relaxing)
 .debug_str     0x00003385      0x1f9 /home/pi/Desktop/stm32/voltage-monitor/cache/core/core_38316ac8c6a90beb48547312bf27788a.a(adc_f1.c.o)
                                0xdd2 (size before relaxing)
 .debug_str     0x0000357e      0xab5 /home/pi/Desktop/stm32/voltage-monitor/cache/core/core_38316ac8c6a90beb48547312bf27788a.a(dma_f1.c.o)
                               0x137a (size before relaxing)
 .debug_str     0x00004033      0x236 /home/pi/Desktop/stm32/voltage-monitor/cache/core/core_38316ac8c6a90beb48547312bf27788a.a(exti.c.o)
                                0x931 (size before relaxing)
 .debug_str     0x00004269       0x93 /home/pi/Desktop/stm32/voltage-monitor/cache/core/core_38316ac8c6a90beb48547312bf27788a.a(exti_f1.c.o)
                                0x2dc (size before relaxing)
 .debug_str     0x000042fc       0x60 /home/pi/Desktop/stm32/voltage-monitor/cache/core/core_38316ac8c6a90beb48547312bf27788a.a(flash.c.o)
                                0x1fb (size before relaxing)
 .debug_str     0x0000435c      0x29a /home/pi/Desktop/stm32/voltage-monitor/cache/core/core_38316ac8c6a90beb48547312bf27788a.a(gpio_f1.c.o)
                                0x7b3 (size before relaxing)
 .debug_str     0x000045f6      0x22e /home/pi/Desktop/stm32/voltage-monitor/cache/core/core_38316ac8c6a90beb48547312bf27788a.a(i2c_f1.c.o)
                                0xd10 (size before relaxing)
 .debug_str     0x00004824       0xcf /home/pi/Desktop/stm32/voltage-monitor/cache/core/core_38316ac8c6a90beb48547312bf27788a.a(nvic.c.o)
                                0x704 (size before relaxing)
 .debug_str     0x000048f3       0xf3 /home/pi/Desktop/stm32/voltage-monitor/cache/core/core_38316ac8c6a90beb48547312bf27788a.a(rcc.c.o)
                                0x550 (size before relaxing)
 .debug_str     0x000049e6       0xe7 /home/pi/Desktop/stm32/voltage-monitor/cache/core/core_38316ac8c6a90beb48547312bf27788a.a(rcc_f1.c.o)
                                0x7f1 (size before relaxing)
 .debug_str     0x00004acd       0xcc /home/pi/Desktop/stm32/voltage-monitor/cache/core/core_38316ac8c6a90beb48547312bf27788a.a(systick.c.o)
                                0x261 (size before relaxing)
 .debug_str     0x00004b99      0x352 /home/pi/Desktop/stm32/voltage-monitor/cache/core/core_38316ac8c6a90beb48547312bf27788a.a(timer.c.o)
                                0xeaa (size before relaxing)
 .debug_str     0x00004eeb       0xd0 /home/pi/Desktop/stm32/voltage-monitor/cache/core/core_38316ac8c6a90beb48547312bf27788a.a(usart.c.o)